<?xml version="1.0" encoding="ISO-8859-1" ?>
<link_info>
   <banner>TI ARM Linker PC v18.12.1.LTS</banner>
   <copyright>Copyright (c) 1996-2018 Texas Instruments Incorporated</copyright>
   <link_time>0x5cca78e2</link_time>
   <link_errors>0x0</link_errors>
   <output_file>TM4C_Code.out</output_file>
   <entry_point>
      <name>_c_int00_noargs</name>
      <address>0x2b39</address>
   </entry_point>
   <input_file_list>
      <input_file id="fl-2">
         <path>.\</path>
         <kind>object</kind>
         <file>project.obj</file>
         <name>project.obj</name>
      </input_file>
      <input_file id="fl-3">
         <path>.\</path>
         <kind>object</kind>
         <file>tm4c123gh6pm_startup_ccs.obj</file>
         <name>tm4c123gh6pm_startup_ccs.obj</name>
      </input_file>
      <input_file id="fl-4">
         <path>.\driverlib\</path>
         <kind>object</kind>
         <file>adc.obj</file>
         <name>adc.obj</name>
      </input_file>
      <input_file id="fl-5">
         <path>.\driverlib\</path>
         <kind>object</kind>
         <file>aes.obj</file>
         <name>aes.obj</name>
      </input_file>
      <input_file id="fl-6">
         <path>.\driverlib\</path>
         <kind>object</kind>
         <file>can.obj</file>
         <name>can.obj</name>
      </input_file>
      <input_file id="fl-7">
         <path>.\driverlib\</path>
         <kind>object</kind>
         <file>comp.obj</file>
         <name>comp.obj</name>
      </input_file>
      <input_file id="fl-8">
         <path>.\driverlib\</path>
         <kind>object</kind>
         <file>cpu.obj</file>
         <name>cpu.obj</name>
      </input_file>
      <input_file id="fl-9">
         <path>.\driverlib\</path>
         <kind>object</kind>
         <file>crc.obj</file>
         <name>crc.obj</name>
      </input_file>
      <input_file id="fl-a">
         <path>.\driverlib\</path>
         <kind>object</kind>
         <file>des.obj</file>
         <name>des.obj</name>
      </input_file>
      <input_file id="fl-b">
         <path>.\driverlib\</path>
         <kind>object</kind>
         <file>eeprom.obj</file>
         <name>eeprom.obj</name>
      </input_file>
      <input_file id="fl-c">
         <path>.\driverlib\</path>
         <kind>object</kind>
         <file>emac.obj</file>
         <name>emac.obj</name>
      </input_file>
      <input_file id="fl-d">
         <path>.\driverlib\</path>
         <kind>object</kind>
         <file>epi.obj</file>
         <name>epi.obj</name>
      </input_file>
      <input_file id="fl-e">
         <path>.\driverlib\</path>
         <kind>object</kind>
         <file>flash.obj</file>
         <name>flash.obj</name>
      </input_file>
      <input_file id="fl-f">
         <path>.\driverlib\</path>
         <kind>object</kind>
         <file>fpu.obj</file>
         <name>fpu.obj</name>
      </input_file>
      <input_file id="fl-10">
         <path>.\driverlib\</path>
         <kind>object</kind>
         <file>gpio.obj</file>
         <name>gpio.obj</name>
      </input_file>
      <input_file id="fl-11">
         <path>.\driverlib\</path>
         <kind>object</kind>
         <file>hibernate.obj</file>
         <name>hibernate.obj</name>
      </input_file>
      <input_file id="fl-12">
         <path>.\driverlib\</path>
         <kind>object</kind>
         <file>i2c.obj</file>
         <name>i2c.obj</name>
      </input_file>
      <input_file id="fl-13">
         <path>.\driverlib\</path>
         <kind>object</kind>
         <file>interrupt.obj</file>
         <name>interrupt.obj</name>
      </input_file>
      <input_file id="fl-14">
         <path>.\driverlib\</path>
         <kind>object</kind>
         <file>lcd.obj</file>
         <name>lcd.obj</name>
      </input_file>
      <input_file id="fl-15">
         <path>.\driverlib\</path>
         <kind>object</kind>
         <file>mpu.obj</file>
         <name>mpu.obj</name>
      </input_file>
      <input_file id="fl-16">
         <path>.\driverlib\</path>
         <kind>object</kind>
         <file>onewire.obj</file>
         <name>onewire.obj</name>
      </input_file>
      <input_file id="fl-17">
         <path>.\driverlib\</path>
         <kind>object</kind>
         <file>pwm.obj</file>
         <name>pwm.obj</name>
      </input_file>
      <input_file id="fl-18">
         <path>.\driverlib\</path>
         <kind>object</kind>
         <file>qei.obj</file>
         <name>qei.obj</name>
      </input_file>
      <input_file id="fl-19">
         <path>.\driverlib\</path>
         <kind>object</kind>
         <file>shamd5.obj</file>
         <name>shamd5.obj</name>
      </input_file>
      <input_file id="fl-1a">
         <path>.\driverlib\</path>
         <kind>object</kind>
         <file>ssi.obj</file>
         <name>ssi.obj</name>
      </input_file>
      <input_file id="fl-1b">
         <path>.\driverlib\</path>
         <kind>object</kind>
         <file>sw_crc.obj</file>
         <name>sw_crc.obj</name>
      </input_file>
      <input_file id="fl-1c">
         <path>.\driverlib\</path>
         <kind>object</kind>
         <file>sysctl.obj</file>
         <name>sysctl.obj</name>
      </input_file>
      <input_file id="fl-1d">
         <path>.\driverlib\</path>
         <kind>object</kind>
         <file>sysexc.obj</file>
         <name>sysexc.obj</name>
      </input_file>
      <input_file id="fl-1e">
         <path>.\driverlib\</path>
         <kind>object</kind>
         <file>systick.obj</file>
         <name>systick.obj</name>
      </input_file>
      <input_file id="fl-1f">
         <path>.\driverlib\</path>
         <kind>object</kind>
         <file>timer.obj</file>
         <name>timer.obj</name>
      </input_file>
      <input_file id="fl-20">
         <path>.\driverlib\</path>
         <kind>object</kind>
         <file>uart.obj</file>
         <name>uart.obj</name>
      </input_file>
      <input_file id="fl-21">
         <path>.\driverlib\</path>
         <kind>object</kind>
         <file>udma.obj</file>
         <name>udma.obj</name>
      </input_file>
      <input_file id="fl-22">
         <path>.\driverlib\</path>
         <kind>object</kind>
         <file>usb.obj</file>
         <name>usb.obj</name>
      </input_file>
      <input_file id="fl-23">
         <path>.\driverlib\</path>
         <kind>object</kind>
         <file>watchdog.obj</file>
         <name>watchdog.obj</name>
      </input_file>
      <input_file id="fl-24">
         <path>.\src\</path>
         <kind>object</kind>
         <file>GPIO_Util.obj</file>
         <name>GPIO_Util.obj</name>
      </input_file>
      <input_file id="fl-25">
         <path>.\src\</path>
         <kind>object</kind>
         <file>PLL_Util.obj</file>
         <name>PLL_Util.obj</name>
      </input_file>
      <input_file id="fl-26">
         <path>.\src\</path>
         <kind>object</kind>
         <file>SysTick_Util.obj</file>
         <name>SysTick_Util.obj</name>
      </input_file>
      <input_file id="fl-27">
         <path>.\src\</path>
         <kind>object</kind>
         <file>UART_Util.obj</file>
         <name>UART_Util.obj</name>
      </input_file>
      <input_file id="fl-2e">
         <kind>object</kind>
         <file>&lt;internal&gt;</file>
         <name>&lt;internal&gt;</name>
      </input_file>
      <input_file id="fl-e4">
         <path>C:\ti\ccs900\ccs\tools\compiler\ti-cgt-arm_18.12.1.LTS\lib\</path>
         <kind>archive</kind>
         <file>rtsv7M4_T_le_v4SPD16_eabi.lib</file>
         <name>copy_zero_init.c.obj</name>
      </input_file>
      <input_file id="fl-e5">
         <path>C:\ti\ccs900\ccs\tools\compiler\ti-cgt-arm_18.12.1.LTS\lib\</path>
         <kind>archive</kind>
         <file>rtsv7M4_T_le_v4SPD16_eabi.lib</file>
         <name>copy_decompress_none.c.obj</name>
      </input_file>
      <input_file id="fl-e6">
         <path>C:\ti\ccs900\ccs\tools\compiler\ti-cgt-arm_18.12.1.LTS\lib\</path>
         <kind>archive</kind>
         <file>rtsv7M4_T_le_v4SPD16_eabi.lib</file>
         <name>copy_decompress_lzss.c.obj</name>
      </input_file>
      <input_file id="fl-e7">
         <path>C:\ti\ccs900\ccs\tools\compiler\ti-cgt-arm_18.12.1.LTS\lib\</path>
         <kind>archive</kind>
         <file>rtsv7M4_T_le_v4SPD16_eabi.lib</file>
         <name>boot_cortex_m.c.obj</name>
      </input_file>
      <input_file id="fl-e8">
         <path>C:\ti\ccs900\ccs\tools\compiler\ti-cgt-arm_18.12.1.LTS\lib\</path>
         <kind>archive</kind>
         <file>rtsv7M4_T_le_v4SPD16_eabi.lib</file>
         <name>memcpy_t2.asm.obj</name>
      </input_file>
      <input_file id="fl-e9">
         <path>C:\ti\ccs900\ccs\tools\compiler\ti-cgt-arm_18.12.1.LTS\lib\</path>
         <kind>archive</kind>
         <file>rtsv7M4_T_le_v4SPD16_eabi.lib</file>
         <name>memset_t2.asm.obj</name>
      </input_file>
      <input_file id="fl-ea">
         <path>C:\ti\ccs900\ccs\tools\compiler\ti-cgt-arm_18.12.1.LTS\lib\</path>
         <kind>archive</kind>
         <file>rtsv7M4_T_le_v4SPD16_eabi.lib</file>
         <name>autoinit.c.obj</name>
      </input_file>
      <input_file id="fl-eb">
         <path>C:\ti\ccs900\ccs\tools\compiler\ti-cgt-arm_18.12.1.LTS\lib\</path>
         <kind>archive</kind>
         <file>rtsv7M4_T_le_v4SPD16_eabi.lib</file>
         <name>pre_init.c.obj</name>
      </input_file>
      <input_file id="fl-ec">
         <path>C:\ti\ccs900\ccs\tools\compiler\ti-cgt-arm_18.12.1.LTS\lib\</path>
         <kind>archive</kind>
         <file>rtsv7M4_T_le_v4SPD16_eabi.lib</file>
         <name>cpy_tbl.c.obj</name>
      </input_file>
      <input_file id="fl-ed">
         <path>C:\ti\ccs900\ccs\tools\compiler\ti-cgt-arm_18.12.1.LTS\lib\</path>
         <kind>archive</kind>
         <file>rtsv7M4_T_le_v4SPD16_eabi.lib</file>
         <name>exit.c.obj</name>
      </input_file>
      <input_file id="fl-ee">
         <path>C:\ti\ccs900\ccs\tools\compiler\ti-cgt-arm_18.12.1.LTS\lib\</path>
         <kind>archive</kind>
         <file>rtsv7M4_T_le_v4SPD16_eabi.lib</file>
         <name>_lock.c.obj</name>
      </input_file>
      <input_file id="fl-ef">
         <path>C:\ti\ccs900\ccs\tools\compiler\ti-cgt-arm_18.12.1.LTS\lib\</path>
         <kind>archive</kind>
         <file>rtsv7M4_T_le_v4SPD16_eabi.lib</file>
         <name>args_main.c.obj</name>
      </input_file>
   </input_file_list>
   <object_component_list>
      <object_component id="oc-f">
         <name>.intvecs</name>
         <load_address>0x0</load_address>
         <run_address>0x0</run_address>
         <size>0x26c</size>
         <input_file_ref idref="fl-3"/>
      </object_component>
      <object_component id="oc-de">
         <name>.text</name>
         <load_address>0x26c</load_address>
         <run_address>0x26c</run_address>
         <size>0xf80</size>
         <input_file_ref idref="fl-1c"/>
      </object_component>
      <object_component id="oc-e4">
         <name>.text</name>
         <load_address>0x11ec</load_address>
         <run_address>0x11ec</run_address>
         <size>0xb94</size>
         <input_file_ref idref="fl-10"/>
      </object_component>
      <object_component id="oc-cc">
         <name>.text</name>
         <load_address>0x1d80</load_address>
         <run_address>0x1d80</run_address>
         <size>0x3f0</size>
         <input_file_ref idref="fl-24"/>
      </object_component>
      <object_component id="oc-14a">
         <name>.text</name>
         <load_address>0x2170</load_address>
         <run_address>0x2170</run_address>
         <size>0x3c0</size>
         <input_file_ref idref="fl-13"/>
      </object_component>
      <object_component id="oc-98">
         <name>.text</name>
         <load_address>0x2530</load_address>
         <run_address>0x2530</run_address>
         <size>0x280</size>
         <input_file_ref idref="fl-2"/>
      </object_component>
      <object_component id="oc-d2">
         <name>.text</name>
         <load_address>0x27b0</load_address>
         <run_address>0x27b0</run_address>
         <size>0x118</size>
         <input_file_ref idref="fl-27"/>
      </object_component>
      <object_component id="oc-38">
         <name>.text</name>
         <load_address>0x28c8</load_address>
         <run_address>0x28c8</run_address>
         <size>0x9c</size>
         <input_file_ref idref="fl-e8"/>
      </object_component>
      <object_component id="oc-c6">
         <name>.text</name>
         <load_address>0x2964</load_address>
         <run_address>0x2964</run_address>
         <size>0x74</size>
         <input_file_ref idref="fl-25"/>
      </object_component>
      <object_component id="oc-d8">
         <name>.text</name>
         <load_address>0x29d8</load_address>
         <run_address>0x29d8</run_address>
         <size>0x74</size>
         <input_file_ref idref="fl-26"/>
      </object_component>
      <object_component id="oc-12">
         <name>.text:decompress:lzss:__TI_decompress_lzss</name>
         <load_address>0x2a4c</load_address>
         <run_address>0x2a4c</run_address>
         <size>0x68</size>
         <input_file_ref idref="fl-e6"/>
      </object_component>
      <object_component id="oc-ff">
         <name>.text:__TI_auto_init_nobinit_nopinit:__TI_auto_init_nobinit_nopinit</name>
         <load_address>0x2ab4</load_address>
         <run_address>0x2ab4</run_address>
         <size>0x44</size>
         <input_file_ref idref="fl-ea"/>
      </object_component>
      <object_component id="oc-150">
         <name>.text</name>
         <load_address>0x2af8</load_address>
         <run_address>0x2af8</run_address>
         <size>0x3e</size>
         <input_file_ref idref="fl-8"/>
      </object_component>
      <object_component id="oc-56">
         <name>.text:_c_int00_noargs:_c_int00_noargs</name>
         <load_address>0x2b38</load_address>
         <run_address>0x2b38</run_address>
         <size>0x34</size>
         <input_file_ref idref="fl-e7"/>
      </object_component>
      <object_component id="oc-44">
         <name>.text:decompress:ZI:__TI_zero_init_nomemset:__TI_zero_init_nomemset</name>
         <load_address>0x2b6c</load_address>
         <run_address>0x2b6c</run_address>
         <size>0x12</size>
         <input_file_ref idref="fl-e4"/>
      </object_component>
      <object_component id="oc-18">
         <name>.text:decompress:none:__TI_decompress_none</name>
         <load_address>0x2b7e</load_address>
         <run_address>0x2b7e</run_address>
         <size>0xe</size>
         <input_file_ref idref="fl-e5"/>
      </object_component>
      <object_component id="oc-24">
         <name>.text</name>
         <load_address>0x2b8c</load_address>
         <run_address>0x2b8c</run_address>
         <size>0xc</size>
         <input_file_ref idref="fl-3"/>
      </object_component>
      <object_component id="oc-15f">
         <name>.text:SysCtlDelay</name>
         <load_address>0x2b98</load_address>
         <run_address>0x2b98</run_address>
         <size>0x6</size>
         <input_file_ref idref="fl-1c"/>
      </object_component>
      <object_component id="oc-92">
         <name>.text:_system_pre_init</name>
         <load_address>0x2b9e</load_address>
         <run_address>0x2b9e</run_address>
         <size>0x4</size>
         <input_file_ref idref="fl-eb"/>
      </object_component>
      <object_component id="oc-f3">
         <name>.text:abort:abort</name>
         <load_address>0x2ba2</load_address>
         <run_address>0x2ba2</run_address>
         <size>0x4</size>
         <input_file_ref idref="fl-ed"/>
      </object_component>
      <object_component id="oc-15c">
         <name>.const:g_pppui32XTALtoVCO</name>
         <load_address>0x2ba8</load_address>
         <run_address>0x2ba8</run_address>
         <size>0x1b0</size>
         <input_file_ref idref="fl-1c"/>
      </object_component>
      <object_component id="oc-16a">
         <name>.const:g_ppui32GPIOIntMapSnowflake</name>
         <load_address>0x2d58</load_address>
         <run_address>0x2d58</run_address>
         <size>0xd8</size>
         <input_file_ref idref="fl-10"/>
      </object_component>
      <object_component id="oc-167">
         <name>.const:g_ppui32GPIOIntMapBlizzard</name>
         <load_address>0x2e30</load_address>
         <run_address>0x2e30</run_address>
         <size>0xc0</size>
         <input_file_ref idref="fl-10"/>
      </object_component>
      <object_component id="oc-1a0">
         <name>.const:g_pui32Regs</name>
         <load_address>0x2ef0</load_address>
         <run_address>0x2ef0</run_address>
         <size>0x9c</size>
         <input_file_ref idref="fl-13"/>
      </object_component>
      <object_component id="oc-16d">
         <name>.const:g_pui32GPIOBaseAddrs</name>
         <load_address>0x2f8c</load_address>
         <run_address>0x2f8c</run_address>
         <size>0x90</size>
         <input_file_ref idref="fl-10"/>
      </object_component>
      <object_component id="oc-156">
         <name>.const:g_pui32Xtals</name>
         <load_address>0x301c</load_address>
         <run_address>0x301c</run_address>
         <size>0x6c</size>
         <input_file_ref idref="fl-1c"/>
      </object_component>
      <object_component id="oc-147">
         <name>.const:g_sXTALtoMEMTIM</name>
         <load_address>0x3088</load_address>
         <run_address>0x3088</run_address>
         <size>0x30</size>
         <input_file_ref idref="fl-1c"/>
      </object_component>
      <object_component id="oc-19d">
         <name>.const:g_pui32Priority</name>
         <load_address>0x30b8</load_address>
         <run_address>0x30b8</run_address>
         <size>0x20</size>
         <input_file_ref idref="fl-13"/>
      </object_component>
      <object_component id="oc-1a6">
         <name>.const:g_pui32Dii16Regs</name>
         <load_address>0x30d8</load_address>
         <run_address>0x30d8</run_address>
         <size>0x14</size>
         <input_file_ref idref="fl-13"/>
      </object_component>
      <object_component id="oc-1a3">
         <name>.const:g_pui32EnRegs</name>
         <load_address>0x30ec</load_address>
         <run_address>0x30ec</run_address>
         <size>0x14</size>
         <input_file_ref idref="fl-13"/>
      </object_component>
      <object_component id="oc-1a9">
         <name>.const:g_pui32PendRegs</name>
         <load_address>0x3100</load_address>
         <run_address>0x3100</run_address>
         <size>0x14</size>
         <input_file_ref idref="fl-13"/>
      </object_component>
      <object_component id="oc-1ac">
         <name>.const:g_pui32UnpendRegs</name>
         <load_address>0x3114</load_address>
         <run_address>0x3114</run_address>
         <size>0x14</size>
         <input_file_ref idref="fl-13"/>
      </object_component>
      <object_component id="oc-159">
         <name>.const:g_pui32VCOFrequencies</name>
         <load_address>0x3128</load_address>
         <run_address>0x3128</run_address>
         <size>0x8</size>
         <input_file_ref idref="fl-1c"/>
      </object_component>
      <object_component id="oc-ee">
         <name>.const</name>
         <load_address>0x3130</load_address>
         <run_address>0x3130</run_address>
         <size>0x4</size>
         <input_file_ref idref="fl-2"/>
      </object_component>
      <object_component id="oc-22d">
         <name>__TI_handler_table</name>
         <load_address>0x3138</load_address>
         <run_address>0x3138</run_address>
         <size>0xc</size>
      </object_component>
      <object_component id="oc-231">
         <name>.cinit..bss.load</name>
         <load_address>0x3148</load_address>
         <run_address>0x3148</run_address>
         <size>0x8</size>
      </object_component>
      <object_component id="oc-22f">
         <name>.cinit..vtable.load</name>
         <load_address>0x3150</load_address>
         <run_address>0x3150</run_address>
         <size>0x8</size>
      </object_component>
      <object_component id="oc-230">
         <name>.cinit..data.load</name>
         <load_address>0x3158</load_address>
         <run_address>0x3158</run_address>
         <size>0x7</size>
      </object_component>
      <object_component id="oc-22e">
         <name>__TI_cinit_table</name>
         <load_address>0x3160</load_address>
         <run_address>0x3160</run_address>
         <size>0x18</size>
      </object_component>
      <object_component id="oc-19a">
         <name>.vtable</name>
         <uninitialized>true</uninitialized>
         <run_address>0x20000000</run_address>
         <size>0x26c</size>
         <input_file_ref idref="fl-13"/>
      </object_component>
      <object_component id="oc-ea">
         <name>.data</name>
         <load_address>0x20000470</load_address>
         <run_address>0x20000470</run_address>
         <size>0x8</size>
         <input_file_ref idref="fl-2"/>
      </object_component>
      <object_component id="oc-ed">
         <name>.common:voltage</name>
         <uninitialized>true</uninitialized>
         <run_address>0x20000478</run_address>
         <size>0x4</size>
      </object_component>
      <object_component id="oc-f1">
         <name>.common:onesPlace</name>
         <uninitialized>true</uninitialized>
         <run_address>0x2000047c</run_address>
         <size>0x1</size>
      </object_component>
      <object_component id="oc-21">
         <name>.stack</name>
         <uninitialized>true</uninitialized>
         <run_address>0x20000270</run_address>
         <size>0x4</size>
         <input_file_ref idref="fl-e7"/>
      </object_component>
      <object_component id="oc-232">
         <name>.stack</name>
         <uninitialized>true</uninitialized>
         <run_address>0x20000270</run_address>
         <size>0x0</size>
      </object_component>
      <object_component id="oc-b4">
         <name>.debug_info</name>
         <load_address>0x0</load_address>
         <run_address>0x0</run_address>
         <size>0x62c</size>
         <input_file_ref idref="fl-2"/>
      </object_component>
      <object_component id="oc-eb">
         <name>.debug_info</name>
         <load_address>0x62c</load_address>
         <run_address>0x62c</run_address>
         <size>0x164</size>
         <input_file_ref idref="fl-2"/>
      </object_component>
      <object_component id="oc-ef">
         <name>.debug_info</name>
         <load_address>0x790</load_address>
         <run_address>0x790</run_address>
         <size>0xe4</size>
         <input_file_ref idref="fl-2"/>
      </object_component>
      <object_component id="oc-99">
         <name>.debug_info</name>
         <load_address>0x874</load_address>
         <run_address>0x874</run_address>
         <size>0x39e</size>
         <input_file_ref idref="fl-2"/>
      </object_component>
      <object_component id="oc-6d">
         <name>.debug_info</name>
         <load_address>0xc12</load_address>
         <run_address>0xc12</run_address>
         <size>0x26b</size>
         <input_file_ref idref="fl-2"/>
      </object_component>
      <object_component id="oc-138">
         <name>.debug_info</name>
         <load_address>0xe7d</load_address>
         <run_address>0xe7d</run_address>
         <size>0x186</size>
         <input_file_ref idref="fl-2"/>
      </object_component>
      <object_component id="oc-13d">
         <name>.debug_info</name>
         <load_address>0x1003</load_address>
         <run_address>0x1003</run_address>
         <size>0x8b</size>
         <input_file_ref idref="fl-2"/>
      </object_component>
      <object_component id="oc-af">
         <name>.debug_info</name>
         <load_address>0x108e</load_address>
         <run_address>0x108e</run_address>
         <size>0x8b</size>
         <input_file_ref idref="fl-2"/>
      </object_component>
      <object_component id="oc-aa">
         <name>.debug_info</name>
         <load_address>0x1119</load_address>
         <run_address>0x1119</run_address>
         <size>0x297</size>
         <input_file_ref idref="fl-2"/>
      </object_component>
      <object_component id="oc-161">
         <name>.debug_info</name>
         <load_address>0x13b0</load_address>
         <run_address>0x13b0</run_address>
         <size>0xef</size>
         <input_file_ref idref="fl-2"/>
      </object_component>
      <object_component id="oc-72">
         <name>.debug_info</name>
         <load_address>0x149f</load_address>
         <run_address>0x149f</run_address>
         <size>0xbb</size>
         <input_file_ref idref="fl-2"/>
      </object_component>
      <object_component id="oc-133">
         <name>.debug_info</name>
         <load_address>0x155a</load_address>
         <run_address>0x155a</run_address>
         <size>0x35</size>
         <input_file_ref idref="fl-2"/>
      </object_component>
      <object_component id="oc-2c">
         <name>.debug_info</name>
         <load_address>0x158f</load_address>
         <run_address>0x158f</run_address>
         <size>0x2ba</size>
         <input_file_ref idref="fl-3"/>
      </object_component>
      <object_component id="oc-10">
         <name>.debug_info</name>
         <load_address>0x1849</load_address>
         <run_address>0x1849</run_address>
         <size>0xf9</size>
         <input_file_ref idref="fl-3"/>
      </object_component>
      <object_component id="oc-25">
         <name>.debug_info</name>
         <load_address>0x1942</load_address>
         <run_address>0x1942</run_address>
         <size>0x275</size>
         <input_file_ref idref="fl-3"/>
      </object_component>
      <object_component id="oc-33">
         <name>.debug_info</name>
         <load_address>0x1bb7</load_address>
         <run_address>0x1bb7</run_address>
         <size>0x84</size>
         <input_file_ref idref="fl-3"/>
      </object_component>
      <object_component id="oc-151">
         <name>.debug_info</name>
         <load_address>0x1c3b</load_address>
         <run_address>0x1c3b</run_address>
         <size>0x346</size>
         <input_file_ref idref="fl-8"/>
      </object_component>
      <object_component id="oc-171">
         <name>.debug_info</name>
         <load_address>0x1f81</load_address>
         <run_address>0x1f81</run_address>
         <size>0x36a</size>
         <input_file_ref idref="fl-10"/>
      </object_component>
      <object_component id="oc-168">
         <name>.debug_info</name>
         <load_address>0x22eb</load_address>
         <run_address>0x22eb</run_address>
         <size>0x10a</size>
         <input_file_ref idref="fl-10"/>
      </object_component>
      <object_component id="oc-16b">
         <name>.debug_info</name>
         <load_address>0x23f5</load_address>
         <run_address>0x23f5</run_address>
         <size>0x10c</size>
         <input_file_ref idref="fl-10"/>
      </object_component>
      <object_component id="oc-16e">
         <name>.debug_info</name>
         <load_address>0x2501</load_address>
         <run_address>0x2501</run_address>
         <size>0xfe</size>
         <input_file_ref idref="fl-10"/>
      </object_component>
      <object_component id="oc-e6">
         <name>.debug_info</name>
         <load_address>0x25ff</load_address>
         <run_address>0x25ff</run_address>
         <size>0x312d</size>
         <input_file_ref idref="fl-10"/>
      </object_component>
      <object_component id="oc-1b0">
         <name>.debug_info</name>
         <load_address>0x572c</load_address>
         <run_address>0x572c</run_address>
         <size>0x347</size>
         <input_file_ref idref="fl-13"/>
      </object_component>
      <object_component id="oc-19e">
         <name>.debug_info</name>
         <load_address>0x5a73</load_address>
         <run_address>0x5a73</run_address>
         <size>0xf9</size>
         <input_file_ref idref="fl-13"/>
      </object_component>
      <object_component id="oc-1a1">
         <name>.debug_info</name>
         <load_address>0x5b6c</load_address>
         <run_address>0x5b6c</run_address>
         <size>0xf1</size>
         <input_file_ref idref="fl-13"/>
      </object_component>
      <object_component id="oc-1a4">
         <name>.debug_info</name>
         <load_address>0x5c5d</load_address>
         <run_address>0x5c5d</run_address>
         <size>0xf5</size>
         <input_file_ref idref="fl-13"/>
      </object_component>
      <object_component id="oc-1a7">
         <name>.debug_info</name>
         <load_address>0x5d52</load_address>
         <run_address>0x5d52</run_address>
         <size>0xfb</size>
         <input_file_ref idref="fl-13"/>
      </object_component>
      <object_component id="oc-1aa">
         <name>.debug_info</name>
         <load_address>0x5e4d</load_address>
         <run_address>0x5e4d</run_address>
         <size>0xf9</size>
         <input_file_ref idref="fl-13"/>
      </object_component>
      <object_component id="oc-1ad">
         <name>.debug_info</name>
         <load_address>0x5f46</load_address>
         <run_address>0x5f46</run_address>
         <size>0xfd</size>
         <input_file_ref idref="fl-13"/>
      </object_component>
      <object_component id="oc-19b">
         <name>.debug_info</name>
         <load_address>0x6043</load_address>
         <run_address>0x6043</run_address>
         <size>0xfa</size>
         <input_file_ref idref="fl-13"/>
      </object_component>
      <object_component id="oc-14d">
         <name>.debug_info</name>
         <load_address>0x613d</load_address>
         <run_address>0x613d</run_address>
         <size>0xcfa</size>
         <input_file_ref idref="fl-13"/>
      </object_component>
      <object_component id="oc-166">
         <name>.debug_info</name>
         <load_address>0x6e37</load_address>
         <run_address>0x6e37</run_address>
         <size>0x3cc</size>
         <input_file_ref idref="fl-1c"/>
      </object_component>
      <object_component id="oc-157">
         <name>.debug_info</name>
         <load_address>0x7203</load_address>
         <run_address>0x7203</run_address>
         <size>0xf0</size>
         <input_file_ref idref="fl-1c"/>
      </object_component>
      <object_component id="oc-15d">
         <name>.debug_info</name>
         <load_address>0x72f3</load_address>
         <run_address>0x72f3</run_address>
         <size>0xfc</size>
         <input_file_ref idref="fl-1c"/>
      </object_component>
      <object_component id="oc-148">
         <name>.debug_info</name>
         <load_address>0x73ef</load_address>
         <run_address>0x73ef</run_address>
         <size>0xf6</size>
         <input_file_ref idref="fl-1c"/>
      </object_component>
      <object_component id="oc-15a">
         <name>.debug_info</name>
         <load_address>0x74e5</load_address>
         <run_address>0x74e5</run_address>
         <size>0x103</size>
         <input_file_ref idref="fl-1c"/>
      </object_component>
      <object_component id="oc-e2">
         <name>.debug_info</name>
         <load_address>0x75e8</load_address>
         <run_address>0x75e8</run_address>
         <size>0x2b40</size>
         <input_file_ref idref="fl-1c"/>
      </object_component>
      <object_component id="oc-1ba">
         <name>.debug_info</name>
         <load_address>0xa128</load_address>
         <run_address>0xa128</run_address>
         <size>0x51</size>
         <input_file_ref idref="fl-1c"/>
      </object_component>
      <object_component id="oc-ce">
         <name>.debug_info</name>
         <load_address>0xa179</load_address>
         <run_address>0xa179</run_address>
         <size>0x658</size>
         <input_file_ref idref="fl-24"/>
      </object_component>
      <object_component id="oc-c7">
         <name>.debug_info</name>
         <load_address>0xa7d1</load_address>
         <run_address>0xa7d1</run_address>
         <size>0x129</size>
         <input_file_ref idref="fl-25"/>
      </object_component>
      <object_component id="oc-dc">
         <name>.debug_info</name>
         <load_address>0xa8fa</load_address>
         <run_address>0xa8fa</run_address>
         <size>0x26e</size>
         <input_file_ref idref="fl-26"/>
      </object_component>
      <object_component id="oc-145">
         <name>.debug_info</name>
         <load_address>0xab68</load_address>
         <run_address>0xab68</run_address>
         <size>0x277</size>
         <input_file_ref idref="fl-27"/>
      </object_component>
      <object_component id="oc-d4">
         <name>.debug_info</name>
         <load_address>0xaddf</load_address>
         <run_address>0xaddf</run_address>
         <size>0x374</size>
         <input_file_ref idref="fl-27"/>
      </object_component>
      <object_component id="oc-8b">
         <name>.debug_info</name>
         <load_address>0xb153</load_address>
         <run_address>0xb153</run_address>
         <size>0x2d8</size>
         <input_file_ref idref="fl-e4"/>
      </object_component>
      <object_component id="oc-46">
         <name>.debug_info</name>
         <load_address>0xb42b</load_address>
         <run_address>0xb42b</run_address>
         <size>0x1c3</size>
         <input_file_ref idref="fl-e4"/>
      </object_component>
      <object_component id="oc-86">
         <name>.debug_info</name>
         <load_address>0xb5ee</load_address>
         <run_address>0xb5ee</run_address>
         <size>0x46</size>
         <input_file_ref idref="fl-e4"/>
      </object_component>
      <object_component id="oc-bd">
         <name>.debug_info</name>
         <load_address>0xb634</load_address>
         <run_address>0xb634</run_address>
         <size>0x2c</size>
         <input_file_ref idref="fl-e4"/>
      </object_component>
      <object_component id="oc-43">
         <name>.debug_info</name>
         <load_address>0xb660</load_address>
         <run_address>0xb660</run_address>
         <size>0x2ac</size>
         <input_file_ref idref="fl-e5"/>
      </object_component>
      <object_component id="oc-19">
         <name>.debug_info</name>
         <load_address>0xb90c</load_address>
         <run_address>0xb90c</run_address>
         <size>0x1ee</size>
         <input_file_ref idref="fl-e5"/>
      </object_component>
      <object_component id="oc-3e">
         <name>.debug_info</name>
         <load_address>0xbafa</load_address>
         <run_address>0xbafa</run_address>
         <size>0x46</size>
         <input_file_ref idref="fl-e5"/>
      </object_component>
      <object_component id="oc-7e">
         <name>.debug_info</name>
         <load_address>0xbb40</load_address>
         <run_address>0xbb40</run_address>
         <size>0x2c</size>
         <input_file_ref idref="fl-e5"/>
      </object_component>
      <object_component id="oc-7c">
         <name>.debug_info</name>
         <load_address>0xbb6c</load_address>
         <run_address>0xbb6c</run_address>
         <size>0x2a2</size>
         <input_file_ref idref="fl-e6"/>
      </object_component>
      <object_component id="oc-13">
         <name>.debug_info</name>
         <load_address>0xbe0e</load_address>
         <run_address>0xbe0e</run_address>
         <size>0x254</size>
         <input_file_ref idref="fl-e6"/>
      </object_component>
      <object_component id="oc-2e">
         <name>.debug_info</name>
         <load_address>0xc062</load_address>
         <run_address>0xc062</run_address>
         <size>0x60</size>
         <input_file_ref idref="fl-e6"/>
      </object_component>
      <object_component id="oc-b6">
         <name>.debug_info</name>
         <load_address>0xc0c2</load_address>
         <run_address>0xc0c2</run_address>
         <size>0x46</size>
         <input_file_ref idref="fl-e6"/>
      </object_component>
      <object_component id="oc-77">
         <name>.debug_info</name>
         <load_address>0xc108</load_address>
         <run_address>0xc108</run_address>
         <size>0x39</size>
         <input_file_ref idref="fl-e6"/>
      </object_component>
      <object_component id="oc-22">
         <name>.debug_info</name>
         <load_address>0xc141</load_address>
         <run_address>0xc141</run_address>
         <size>0x10f</size>
         <input_file_ref idref="fl-e7"/>
      </object_component>
      <object_component id="oc-57">
         <name>.debug_info</name>
         <load_address>0xc250</load_address>
         <run_address>0xc250</run_address>
         <size>0x1ad</size>
         <input_file_ref idref="fl-e7"/>
      </object_component>
      <object_component id="oc-3a">
         <name>.debug_info</name>
         <load_address>0xc3fd</load_address>
         <run_address>0xc3fd</run_address>
         <size>0x11d</size>
         <input_file_ref idref="fl-e8"/>
      </object_component>
      <object_component id="oc-181">
         <name>.debug_info</name>
         <load_address>0xc51a</load_address>
         <run_address>0xc51a</run_address>
         <size>0x4b7</size>
         <input_file_ref idref="fl-ea"/>
      </object_component>
      <object_component id="oc-101">
         <name>.debug_info</name>
         <load_address>0xc9d1</load_address>
         <run_address>0xc9d1</run_address>
         <size>0x1aa</size>
         <input_file_ref idref="fl-ea"/>
      </object_component>
      <object_component id="oc-1d6">
         <name>.debug_info</name>
         <load_address>0xcb7b</load_address>
         <run_address>0xcb7b</run_address>
         <size>0x39</size>
         <input_file_ref idref="fl-ea"/>
      </object_component>
      <object_component id="oc-1fa">
         <name>.debug_info</name>
         <load_address>0xcbb4</load_address>
         <run_address>0xcbb4</run_address>
         <size>0x39</size>
         <input_file_ref idref="fl-ea"/>
      </object_component>
      <object_component id="oc-1db">
         <name>.debug_info</name>
         <load_address>0xcbed</load_address>
         <run_address>0xcbed</run_address>
         <size>0x39</size>
         <input_file_ref idref="fl-ea"/>
      </object_component>
      <object_component id="oc-1e0">
         <name>.debug_info</name>
         <load_address>0xcc26</load_address>
         <run_address>0xcc26</run_address>
         <size>0xcd</size>
         <input_file_ref idref="fl-ea"/>
      </object_component>
      <object_component id="oc-95">
         <name>.debug_info</name>
         <load_address>0xccf3</load_address>
         <run_address>0xccf3</run_address>
         <size>0x157</size>
         <input_file_ref idref="fl-eb"/>
      </object_component>
      <object_component id="oc-f7">
         <name>.debug_info</name>
         <load_address>0xce4a</load_address>
         <run_address>0xce4a</run_address>
         <size>0x126</size>
         <input_file_ref idref="fl-ed"/>
      </object_component>
      <object_component id="oc-233">
         <name>.debug_info</name>
         <load_address>0xcf70</load_address>
         <run_address>0xcf70</run_address>
         <size>0xac</size>
      </object_component>
      <object_component id="oc-132">
         <name>.debug_line</name>
         <load_address>0x0</load_address>
         <run_address>0x0</run_address>
         <size>0xba</size>
         <input_file_ref idref="fl-2"/>
      </object_component>
      <object_component id="oc-173">
         <name>.debug_line</name>
         <load_address>0xba</load_address>
         <run_address>0xba</run_address>
         <size>0x30</size>
         <input_file_ref idref="fl-2"/>
      </object_component>
      <object_component id="oc-175">
         <name>.debug_line</name>
         <load_address>0xea</load_address>
         <run_address>0xea</run_address>
         <size>0x30</size>
         <input_file_ref idref="fl-2"/>
      </object_component>
      <object_component id="oc-9c">
         <name>.debug_line</name>
         <load_address>0x11a</load_address>
         <run_address>0x11a</run_address>
         <size>0xef</size>
         <input_file_ref idref="fl-2"/>
      </object_component>
      <object_component id="oc-70">
         <name>.debug_line</name>
         <load_address>0x209</load_address>
         <run_address>0x209</run_address>
         <size>0x6f</size>
         <input_file_ref idref="fl-2"/>
      </object_component>
      <object_component id="oc-13b">
         <name>.debug_line</name>
         <load_address>0x278</load_address>
         <run_address>0x278</run_address>
         <size>0x37</size>
         <input_file_ref idref="fl-2"/>
      </object_component>
      <object_component id="oc-140">
         <name>.debug_line</name>
         <load_address>0x2af</load_address>
         <run_address>0x2af</run_address>
         <size>0x36</size>
         <input_file_ref idref="fl-2"/>
      </object_component>
      <object_component id="oc-b2">
         <name>.debug_line</name>
         <load_address>0x2e5</load_address>
         <run_address>0x2e5</run_address>
         <size>0x20</size>
         <input_file_ref idref="fl-2"/>
      </object_component>
      <object_component id="oc-ad">
         <name>.debug_line</name>
         <load_address>0x305</load_address>
         <run_address>0x305</run_address>
         <size>0x73</size>
         <input_file_ref idref="fl-2"/>
      </object_component>
      <object_component id="oc-164">
         <name>.debug_line</name>
         <load_address>0x378</load_address>
         <run_address>0x378</run_address>
         <size>0x6f</size>
         <input_file_ref idref="fl-2"/>
      </object_component>
      <object_component id="oc-75">
         <name>.debug_line</name>
         <load_address>0x3e7</load_address>
         <run_address>0x3e7</run_address>
         <size>0x70</size>
         <input_file_ref idref="fl-2"/>
      </object_component>
      <object_component id="oc-136">
         <name>.debug_line</name>
         <load_address>0x457</load_address>
         <run_address>0x457</run_address>
         <size>0x72</size>
         <input_file_ref idref="fl-2"/>
      </object_component>
      <object_component id="oc-6c">
         <name>.debug_line</name>
         <load_address>0x4c9</load_address>
         <run_address>0x4c9</run_address>
         <size>0x41</size>
         <input_file_ref idref="fl-3"/>
      </object_component>
      <object_component id="oc-2b">
         <name>.debug_line</name>
         <load_address>0x50a</load_address>
         <run_address>0x50a</run_address>
         <size>0x41</size>
         <input_file_ref idref="fl-3"/>
      </object_component>
      <object_component id="oc-29">
         <name>.debug_line</name>
         <load_address>0x54b</load_address>
         <run_address>0x54b</run_address>
         <size>0xa1</size>
         <input_file_ref idref="fl-3"/>
      </object_component>
      <object_component id="oc-36">
         <name>.debug_line</name>
         <load_address>0x5ec</load_address>
         <run_address>0x5ec</run_address>
         <size>0x20</size>
         <input_file_ref idref="fl-3"/>
      </object_component>
      <object_component id="oc-154">
         <name>.debug_line</name>
         <load_address>0x60c</load_address>
         <run_address>0x60c</run_address>
         <size>0xd9</size>
         <input_file_ref idref="fl-8"/>
      </object_component>
      <object_component id="oc-1c5">
         <name>.debug_line</name>
         <load_address>0x6e5</load_address>
         <run_address>0x6e5</run_address>
         <size>0x70</size>
         <input_file_ref idref="fl-10"/>
      </object_component>
      <object_component id="oc-1bf">
         <name>.debug_line</name>
         <load_address>0x755</load_address>
         <run_address>0x755</run_address>
         <size>0x37</size>
         <input_file_ref idref="fl-10"/>
      </object_component>
      <object_component id="oc-1c1">
         <name>.debug_line</name>
         <load_address>0x78c</load_address>
         <run_address>0x78c</run_address>
         <size>0x37</size>
         <input_file_ref idref="fl-10"/>
      </object_component>
      <object_component id="oc-1c3">
         <name>.debug_line</name>
         <load_address>0x7c3</load_address>
         <run_address>0x7c3</run_address>
         <size>0x37</size>
         <input_file_ref idref="fl-10"/>
      </object_component>
      <object_component id="oc-e9">
         <name>.debug_line</name>
         <load_address>0x7fa</load_address>
         <run_address>0x7fa</run_address>
         <size>0x632</size>
         <input_file_ref idref="fl-10"/>
      </object_component>
      <object_component id="oc-1f6">
         <name>.debug_line</name>
         <load_address>0xe2c</load_address>
         <run_address>0xe2c</run_address>
         <size>0x6a</size>
         <input_file_ref idref="fl-13"/>
      </object_component>
      <object_component id="oc-1ea">
         <name>.debug_line</name>
         <load_address>0xe96</load_address>
         <run_address>0xe96</run_address>
         <size>0x3c</size>
         <input_file_ref idref="fl-13"/>
      </object_component>
      <object_component id="oc-1ec">
         <name>.debug_line</name>
         <load_address>0xed2</load_address>
         <run_address>0xed2</run_address>
         <size>0x3c</size>
         <input_file_ref idref="fl-13"/>
      </object_component>
      <object_component id="oc-1ee">
         <name>.debug_line</name>
         <load_address>0xf0e</load_address>
         <run_address>0xf0e</run_address>
         <size>0x3c</size>
         <input_file_ref idref="fl-13"/>
      </object_component>
      <object_component id="oc-1f0">
         <name>.debug_line</name>
         <load_address>0xf4a</load_address>
         <run_address>0xf4a</run_address>
         <size>0x3c</size>
         <input_file_ref idref="fl-13"/>
      </object_component>
      <object_component id="oc-1f2">
         <name>.debug_line</name>
         <load_address>0xf86</load_address>
         <run_address>0xf86</run_address>
         <size>0x3c</size>
         <input_file_ref idref="fl-13"/>
      </object_component>
      <object_component id="oc-1f4">
         <name>.debug_line</name>
         <load_address>0xfc2</load_address>
         <run_address>0xfc2</run_address>
         <size>0x3c</size>
         <input_file_ref idref="fl-13"/>
      </object_component>
      <object_component id="oc-1e8">
         <name>.debug_line</name>
         <load_address>0xffe</load_address>
         <run_address>0xffe</run_address>
         <size>0x3c</size>
         <input_file_ref idref="fl-13"/>
      </object_component>
      <object_component id="oc-14b">
         <name>.debug_line</name>
         <load_address>0x103a</load_address>
         <run_address>0x103a</run_address>
         <size>0x2ed</size>
         <input_file_ref idref="fl-13"/>
      </object_component>
      <object_component id="oc-1b9">
         <name>.debug_line</name>
         <load_address>0x1327</load_address>
         <run_address>0x1327</run_address>
         <size>0x107</size>
         <input_file_ref idref="fl-1c"/>
      </object_component>
      <object_component id="oc-1b3">
         <name>.debug_line</name>
         <load_address>0x142e</load_address>
         <run_address>0x142e</run_address>
         <size>0x39</size>
         <input_file_ref idref="fl-1c"/>
      </object_component>
      <object_component id="oc-1b7">
         <name>.debug_line</name>
         <load_address>0x1467</load_address>
         <run_address>0x1467</run_address>
         <size>0x39</size>
         <input_file_ref idref="fl-1c"/>
      </object_component>
      <object_component id="oc-199">
         <name>.debug_line</name>
         <load_address>0x14a0</load_address>
         <run_address>0x14a0</run_address>
         <size>0x39</size>
         <input_file_ref idref="fl-1c"/>
      </object_component>
      <object_component id="oc-1b5">
         <name>.debug_line</name>
         <load_address>0x14d9</load_address>
         <run_address>0x14d9</run_address>
         <size>0x39</size>
         <input_file_ref idref="fl-1c"/>
      </object_component>
      <object_component id="oc-e1">
         <name>.debug_line</name>
         <load_address>0x1512</load_address>
         <run_address>0x1512</run_address>
         <size>0x9b0</size>
         <input_file_ref idref="fl-1c"/>
      </object_component>
      <object_component id="oc-1bc">
         <name>.debug_line</name>
         <load_address>0x1ec2</load_address>
         <run_address>0x1ec2</run_address>
         <size>0x39</size>
         <input_file_ref idref="fl-1c"/>
      </object_component>
      <object_component id="oc-cd">
         <name>.debug_line</name>
         <load_address>0x1efb</load_address>
         <run_address>0x1efb</run_address>
         <size>0x1ba</size>
         <input_file_ref idref="fl-24"/>
      </object_component>
      <object_component id="oc-cb">
         <name>.debug_line</name>
         <load_address>0x20b5</load_address>
         <run_address>0x20b5</run_address>
         <size>0x57</size>
         <input_file_ref idref="fl-25"/>
      </object_component>
      <object_component id="oc-d9">
         <name>.debug_line</name>
         <load_address>0x210c</load_address>
         <run_address>0x210c</run_address>
         <size>0x92</size>
         <input_file_ref idref="fl-26"/>
      </object_component>
      <object_component id="oc-197">
         <name>.debug_line</name>
         <load_address>0x219e</load_address>
         <run_address>0x219e</run_address>
         <size>0x20</size>
         <input_file_ref idref="fl-27"/>
      </object_component>
      <object_component id="oc-d6">
         <name>.debug_line</name>
         <load_address>0x21be</load_address>
         <run_address>0x21be</run_address>
         <size>0xd5</size>
         <input_file_ref idref="fl-27"/>
      </object_component>
      <object_component id="oc-c3">
         <name>.debug_line</name>
         <load_address>0x2293</load_address>
         <run_address>0x2293</run_address>
         <size>0x95</size>
         <input_file_ref idref="fl-e4"/>
      </object_component>
      <object_component id="oc-49">
         <name>.debug_line</name>
         <load_address>0x2328</load_address>
         <run_address>0x2328</run_address>
         <size>0x4f</size>
         <input_file_ref idref="fl-e4"/>
      </object_component>
      <object_component id="oc-89">
         <name>.debug_line</name>
         <load_address>0x2377</load_address>
         <run_address>0x2377</run_address>
         <size>0x34</size>
         <input_file_ref idref="fl-e4"/>
      </object_component>
      <object_component id="oc-c0">
         <name>.debug_line</name>
         <load_address>0x23ab</load_address>
         <run_address>0x23ab</run_address>
         <size>0x95</size>
         <input_file_ref idref="fl-e4"/>
      </object_component>
      <object_component id="oc-84">
         <name>.debug_line</name>
         <load_address>0x2440</load_address>
         <run_address>0x2440</run_address>
         <size>0x20</size>
         <input_file_ref idref="fl-e5"/>
      </object_component>
      <object_component id="oc-1c">
         <name>.debug_line</name>
         <load_address>0x2460</load_address>
         <run_address>0x2460</run_address>
         <size>0x55</size>
         <input_file_ref idref="fl-e5"/>
      </object_component>
      <object_component id="oc-41">
         <name>.debug_line</name>
         <load_address>0x24b5</load_address>
         <run_address>0x24b5</run_address>
         <size>0x3a</size>
         <input_file_ref idref="fl-e5"/>
      </object_component>
      <object_component id="oc-81">
         <name>.debug_line</name>
         <load_address>0x24ef</load_address>
         <run_address>0x24ef</run_address>
         <size>0x95</size>
         <input_file_ref idref="fl-e5"/>
      </object_component>
      <object_component id="oc-bc">
         <name>.debug_line</name>
         <load_address>0x2584</load_address>
         <run_address>0x2584</run_address>
         <size>0x20</size>
         <input_file_ref idref="fl-e6"/>
      </object_component>
      <object_component id="oc-17">
         <name>.debug_line</name>
         <load_address>0x25a4</load_address>
         <run_address>0x25a4</run_address>
         <size>0xa9</size>
         <input_file_ref idref="fl-e6"/>
      </object_component>
      <object_component id="oc-31">
         <name>.debug_line</name>
         <load_address>0x264d</load_address>
         <run_address>0x264d</run_address>
         <size>0x3a</size>
         <input_file_ref idref="fl-e6"/>
      </object_component>
      <object_component id="oc-b9">
         <name>.debug_line</name>
         <load_address>0x2687</load_address>
         <run_address>0x2687</run_address>
         <size>0x9d</size>
         <input_file_ref idref="fl-e6"/>
      </object_component>
      <object_component id="oc-7a">
         <name>.debug_line</name>
         <load_address>0x2724</load_address>
         <run_address>0x2724</run_address>
         <size>0x99</size>
         <input_file_ref idref="fl-e6"/>
      </object_component>
      <object_component id="oc-69">
         <name>.debug_line</name>
         <load_address>0x27bd</load_address>
         <run_address>0x27bd</run_address>
         <size>0x33</size>
         <input_file_ref idref="fl-e7"/>
      </object_component>
      <object_component id="oc-5a">
         <name>.debug_line</name>
         <load_address>0x27f0</load_address>
         <run_address>0x27f0</run_address>
         <size>0x45</size>
         <input_file_ref idref="fl-e7"/>
      </object_component>
      <object_component id="oc-3c">
         <name>.debug_line</name>
         <load_address>0x2835</load_address>
         <run_address>0x2835</run_address>
         <size>0x88</size>
         <input_file_ref idref="fl-e8"/>
      </object_component>
      <object_component id="oc-1d5">
         <name>.debug_line</name>
         <load_address>0x28bd</load_address>
         <run_address>0x28bd</run_address>
         <size>0xc2</size>
         <input_file_ref idref="fl-ea"/>
      </object_component>
      <object_component id="oc-100">
         <name>.debug_line</name>
         <load_address>0x297f</load_address>
         <run_address>0x297f</run_address>
         <size>0x6f</size>
         <input_file_ref idref="fl-ea"/>
      </object_component>
      <object_component id="oc-1d9">
         <name>.debug_line</name>
         <load_address>0x29ee</load_address>
         <run_address>0x29ee</run_address>
         <size>0x2e</size>
         <input_file_ref idref="fl-ea"/>
      </object_component>
      <object_component id="oc-1fd">
         <name>.debug_line</name>
         <load_address>0x2a1c</load_address>
         <run_address>0x2a1c</run_address>
         <size>0x9d</size>
         <input_file_ref idref="fl-ea"/>
      </object_component>
      <object_component id="oc-1de">
         <name>.debug_line</name>
         <load_address>0x2ab9</load_address>
         <run_address>0x2ab9</run_address>
         <size>0x9a</size>
         <input_file_ref idref="fl-ea"/>
      </object_component>
      <object_component id="oc-1e3">
         <name>.debug_line</name>
         <load_address>0x2b53</load_address>
         <run_address>0x2b53</run_address>
         <size>0x96</size>
         <input_file_ref idref="fl-ea"/>
      </object_component>
      <object_component id="oc-94">
         <name>.debug_line</name>
         <load_address>0x2be9</load_address>
         <run_address>0x2be9</run_address>
         <size>0x40</size>
         <input_file_ref idref="fl-eb"/>
      </object_component>
      <object_component id="oc-f6">
         <name>.debug_line</name>
         <load_address>0x2c29</load_address>
         <run_address>0x2c29</run_address>
         <size>0x3c</size>
         <input_file_ref idref="fl-ed"/>
      </object_component>
      <object_component id="oc-9d">
         <name>.debug_frame</name>
         <load_address>0x0</load_address>
         <run_address>0x0</run_address>
         <size>0xa0</size>
         <input_file_ref idref="fl-2"/>
      </object_component>
      <object_component id="oc-28">
         <name>.debug_frame</name>
         <load_address>0xa0</load_address>
         <run_address>0xa0</run_address>
         <size>0x90</size>
         <input_file_ref idref="fl-3"/>
      </object_component>
      <object_component id="oc-155">
         <name>.debug_frame</name>
         <load_address>0x130</load_address>
         <run_address>0x130</run_address>
         <size>0xbc</size>
         <input_file_ref idref="fl-8"/>
      </object_component>
      <object_component id="oc-e5">
         <name>.debug_frame</name>
         <load_address>0x1ec</load_address>
         <run_address>0x1ec</run_address>
         <size>0x564</size>
         <input_file_ref idref="fl-10"/>
      </object_component>
      <object_component id="oc-14c">
         <name>.debug_frame</name>
         <load_address>0x750</load_address>
         <run_address>0x750</run_address>
         <size>0x1d4</size>
         <input_file_ref idref="fl-13"/>
      </object_component>
      <object_component id="oc-e0">
         <name>.debug_frame</name>
         <load_address>0x924</load_address>
         <run_address>0x924</run_address>
         <size>0x5a8</size>
         <input_file_ref idref="fl-1c"/>
      </object_component>
      <object_component id="oc-d1">
         <name>.debug_frame</name>
         <load_address>0xecc</load_address>
         <run_address>0xecc</run_address>
         <size>0x10c</size>
         <input_file_ref idref="fl-24"/>
      </object_component>
      <object_component id="oc-ca">
         <name>.debug_frame</name>
         <load_address>0xfd8</load_address>
         <run_address>0xfd8</run_address>
         <size>0x54</size>
         <input_file_ref idref="fl-25"/>
      </object_component>
      <object_component id="oc-da">
         <name>.debug_frame</name>
         <load_address>0x102c</load_address>
         <run_address>0x102c</run_address>
         <size>0x88</size>
         <input_file_ref idref="fl-26"/>
      </object_component>
      <object_component id="oc-d7">
         <name>.debug_frame</name>
         <load_address>0x10b4</load_address>
         <run_address>0x10b4</run_address>
         <size>0xb0</size>
         <input_file_ref idref="fl-27"/>
      </object_component>
      <object_component id="oc-45">
         <name>.debug_frame</name>
         <load_address>0x1164</load_address>
         <run_address>0x1164</run_address>
         <size>0x54</size>
         <input_file_ref idref="fl-e4"/>
      </object_component>
      <object_component id="oc-1d">
         <name>.debug_frame</name>
         <load_address>0x11b8</load_address>
         <run_address>0x11b8</run_address>
         <size>0x54</size>
         <input_file_ref idref="fl-e5"/>
      </object_component>
      <object_component id="oc-16">
         <name>.debug_frame</name>
         <load_address>0x120c</load_address>
         <run_address>0x120c</run_address>
         <size>0x60</size>
         <input_file_ref idref="fl-e6"/>
      </object_component>
      <object_component id="oc-5b">
         <name>.debug_frame</name>
         <load_address>0x126c</load_address>
         <run_address>0x126c</run_address>
         <size>0x50</size>
         <input_file_ref idref="fl-e7"/>
      </object_component>
      <object_component id="oc-104">
         <name>.debug_frame</name>
         <load_address>0x12bc</load_address>
         <run_address>0x12bc</run_address>
         <size>0x5c</size>
         <input_file_ref idref="fl-ea"/>
      </object_component>
      <object_component id="oc-93">
         <name>.debug_frame</name>
         <load_address>0x1318</load_address>
         <run_address>0x1318</run_address>
         <size>0x54</size>
         <input_file_ref idref="fl-eb"/>
      </object_component>
      <object_component id="oc-f4">
         <name>.debug_frame</name>
         <load_address>0x136c</load_address>
         <run_address>0x136c</run_address>
         <size>0x54</size>
         <input_file_ref idref="fl-ed"/>
      </object_component>
      <object_component id="oc-131">
         <name>.debug_abbrev</name>
         <load_address>0x0</load_address>
         <run_address>0x0</run_address>
         <size>0xe6</size>
         <input_file_ref idref="fl-2"/>
      </object_component>
      <object_component id="oc-172">
         <name>.debug_abbrev</name>
         <load_address>0xe6</load_address>
         <run_address>0xe6</run_address>
         <size>0x29</size>
         <input_file_ref idref="fl-2"/>
      </object_component>
      <object_component id="oc-174">
         <name>.debug_abbrev</name>
         <load_address>0x10f</load_address>
         <run_address>0x10f</run_address>
         <size>0x29</size>
         <input_file_ref idref="fl-2"/>
      </object_component>
      <object_component id="oc-f2">
         <name>.debug_abbrev</name>
         <load_address>0x138</load_address>
         <run_address>0x138</run_address>
         <size>0x8d</size>
         <input_file_ref idref="fl-2"/>
      </object_component>
      <object_component id="oc-6f">
         <name>.debug_abbrev</name>
         <load_address>0x1c5</load_address>
         <run_address>0x1c5</run_address>
         <size>0x69</size>
         <input_file_ref idref="fl-2"/>
      </object_component>
      <object_component id="oc-13a">
         <name>.debug_abbrev</name>
         <load_address>0x22e</load_address>
         <run_address>0x22e</run_address>
         <size>0xa6</size>
         <input_file_ref idref="fl-2"/>
      </object_component>
      <object_component id="oc-13f">
         <name>.debug_abbrev</name>
         <load_address>0x2d4</load_address>
         <run_address>0x2d4</run_address>
         <size>0x44</size>
         <input_file_ref idref="fl-2"/>
      </object_component>
      <object_component id="oc-b1">
         <name>.debug_abbrev</name>
         <load_address>0x318</load_address>
         <run_address>0x318</run_address>
         <size>0x1f</size>
         <input_file_ref idref="fl-2"/>
      </object_component>
      <object_component id="oc-ac">
         <name>.debug_abbrev</name>
         <load_address>0x337</load_address>
         <run_address>0x337</run_address>
         <size>0x5c</size>
         <input_file_ref idref="fl-2"/>
      </object_component>
      <object_component id="oc-163">
         <name>.debug_abbrev</name>
         <load_address>0x393</load_address>
         <run_address>0x393</run_address>
         <size>0x24</size>
         <input_file_ref idref="fl-2"/>
      </object_component>
      <object_component id="oc-74">
         <name>.debug_abbrev</name>
         <load_address>0x3b7</load_address>
         <run_address>0x3b7</run_address>
         <size>0x24</size>
         <input_file_ref idref="fl-2"/>
      </object_component>
      <object_component id="oc-135">
         <name>.debug_abbrev</name>
         <load_address>0x3db</load_address>
         <run_address>0x3db</run_address>
         <size>0x33</size>
         <input_file_ref idref="fl-2"/>
      </object_component>
      <object_component id="oc-6b">
         <name>.debug_abbrev</name>
         <load_address>0x40e</load_address>
         <run_address>0x40e</run_address>
         <size>0x68</size>
         <input_file_ref idref="fl-3"/>
      </object_component>
      <object_component id="oc-2a">
         <name>.debug_abbrev</name>
         <load_address>0x476</load_address>
         <run_address>0x476</run_address>
         <size>0x29</size>
         <input_file_ref idref="fl-3"/>
      </object_component>
      <object_component id="oc-6a">
         <name>.debug_abbrev</name>
         <load_address>0x49f</load_address>
         <run_address>0x49f</run_address>
         <size>0x79</size>
         <input_file_ref idref="fl-3"/>
      </object_component>
      <object_component id="oc-35">
         <name>.debug_abbrev</name>
         <load_address>0x518</load_address>
         <run_address>0x518</run_address>
         <size>0x1f</size>
         <input_file_ref idref="fl-3"/>
      </object_component>
      <object_component id="oc-1b1">
         <name>.debug_abbrev</name>
         <load_address>0x537</load_address>
         <run_address>0x537</run_address>
         <size>0xca</size>
         <input_file_ref idref="fl-8"/>
      </object_component>
      <object_component id="oc-1c4">
         <name>.debug_abbrev</name>
         <load_address>0x601</load_address>
         <run_address>0x601</run_address>
         <size>0x76</size>
         <input_file_ref idref="fl-10"/>
      </object_component>
      <object_component id="oc-1be">
         <name>.debug_abbrev</name>
         <load_address>0x677</load_address>
         <run_address>0x677</run_address>
         <size>0x27</size>
         <input_file_ref idref="fl-10"/>
      </object_component>
      <object_component id="oc-1c0">
         <name>.debug_abbrev</name>
         <load_address>0x69e</load_address>
         <run_address>0x69e</run_address>
         <size>0x27</size>
         <input_file_ref idref="fl-10"/>
      </object_component>
      <object_component id="oc-1c2">
         <name>.debug_abbrev</name>
         <load_address>0x6c5</load_address>
         <run_address>0x6c5</run_address>
         <size>0x27</size>
         <input_file_ref idref="fl-10"/>
      </object_component>
      <object_component id="oc-170">
         <name>.debug_abbrev</name>
         <load_address>0x6ec</load_address>
         <run_address>0x6ec</run_address>
         <size>0xd6</size>
         <input_file_ref idref="fl-10"/>
      </object_component>
      <object_component id="oc-1f5">
         <name>.debug_abbrev</name>
         <load_address>0x7c2</load_address>
         <run_address>0x7c2</run_address>
         <size>0x92</size>
         <input_file_ref idref="fl-13"/>
      </object_component>
      <object_component id="oc-1e9">
         <name>.debug_abbrev</name>
         <load_address>0x854</load_address>
         <run_address>0x854</run_address>
         <size>0x27</size>
         <input_file_ref idref="fl-13"/>
      </object_component>
      <object_component id="oc-1eb">
         <name>.debug_abbrev</name>
         <load_address>0x87b</load_address>
         <run_address>0x87b</run_address>
         <size>0x27</size>
         <input_file_ref idref="fl-13"/>
      </object_component>
      <object_component id="oc-1ed">
         <name>.debug_abbrev</name>
         <load_address>0x8a2</load_address>
         <run_address>0x8a2</run_address>
         <size>0x27</size>
         <input_file_ref idref="fl-13"/>
      </object_component>
      <object_component id="oc-1ef">
         <name>.debug_abbrev</name>
         <load_address>0x8c9</load_address>
         <run_address>0x8c9</run_address>
         <size>0x27</size>
         <input_file_ref idref="fl-13"/>
      </object_component>
      <object_component id="oc-1f1">
         <name>.debug_abbrev</name>
         <load_address>0x8f0</load_address>
         <run_address>0x8f0</run_address>
         <size>0x27</size>
         <input_file_ref idref="fl-13"/>
      </object_component>
      <object_component id="oc-1f3">
         <name>.debug_abbrev</name>
         <load_address>0x917</load_address>
         <run_address>0x917</run_address>
         <size>0x27</size>
         <input_file_ref idref="fl-13"/>
      </object_component>
      <object_component id="oc-1e7">
         <name>.debug_abbrev</name>
         <load_address>0x93e</load_address>
         <run_address>0x93e</run_address>
         <size>0x29</size>
         <input_file_ref idref="fl-13"/>
      </object_component>
      <object_component id="oc-1af">
         <name>.debug_abbrev</name>
         <load_address>0x967</load_address>
         <run_address>0x967</run_address>
         <size>0x101</size>
         <input_file_ref idref="fl-13"/>
      </object_component>
      <object_component id="oc-1b8">
         <name>.debug_abbrev</name>
         <load_address>0xa68</load_address>
         <run_address>0xa68</run_address>
         <size>0xb4</size>
         <input_file_ref idref="fl-1c"/>
      </object_component>
      <object_component id="oc-1b2">
         <name>.debug_abbrev</name>
         <load_address>0xb1c</load_address>
         <run_address>0xb1c</run_address>
         <size>0x27</size>
         <input_file_ref idref="fl-1c"/>
      </object_component>
      <object_component id="oc-1b6">
         <name>.debug_abbrev</name>
         <load_address>0xb43</load_address>
         <run_address>0xb43</run_address>
         <size>0x27</size>
         <input_file_ref idref="fl-1c"/>
      </object_component>
      <object_component id="oc-198">
         <name>.debug_abbrev</name>
         <load_address>0xb6a</load_address>
         <run_address>0xb6a</run_address>
         <size>0x27</size>
         <input_file_ref idref="fl-1c"/>
      </object_component>
      <object_component id="oc-1b4">
         <name>.debug_abbrev</name>
         <load_address>0xb91</load_address>
         <run_address>0xb91</run_address>
         <size>0x27</size>
         <input_file_ref idref="fl-1c"/>
      </object_component>
      <object_component id="oc-160">
         <name>.debug_abbrev</name>
         <load_address>0xbb8</load_address>
         <run_address>0xbb8</run_address>
         <size>0x12e</size>
         <input_file_ref idref="fl-1c"/>
      </object_component>
      <object_component id="oc-1bb">
         <name>.debug_abbrev</name>
         <load_address>0xce6</load_address>
         <run_address>0xce6</run_address>
         <size>0x38</size>
         <input_file_ref idref="fl-1c"/>
      </object_component>
      <object_component id="oc-143">
         <name>.debug_abbrev</name>
         <load_address>0xd1e</load_address>
         <run_address>0xd1e</run_address>
         <size>0x6c</size>
         <input_file_ref idref="fl-24"/>
      </object_component>
      <object_component id="oc-142">
         <name>.debug_abbrev</name>
         <load_address>0xd8a</load_address>
         <run_address>0xd8a</run_address>
         <size>0x50</size>
         <input_file_ref idref="fl-25"/>
      </object_component>
      <object_component id="oc-146">
         <name>.debug_abbrev</name>
         <load_address>0xdda</load_address>
         <run_address>0xdda</run_address>
         <size>0x7a</size>
         <input_file_ref idref="fl-26"/>
      </object_component>
      <object_component id="oc-196">
         <name>.debug_abbrev</name>
         <load_address>0xe54</load_address>
         <run_address>0xe54</run_address>
         <size>0x27</size>
         <input_file_ref idref="fl-27"/>
      </object_component>
      <object_component id="oc-144">
         <name>.debug_abbrev</name>
         <load_address>0xe7b</load_address>
         <run_address>0xe7b</run_address>
         <size>0xa9</size>
         <input_file_ref idref="fl-27"/>
      </object_component>
      <object_component id="oc-c2">
         <name>.debug_abbrev</name>
         <load_address>0xf24</load_address>
         <run_address>0xf24</run_address>
         <size>0x5d</size>
         <input_file_ref idref="fl-e4"/>
      </object_component>
      <object_component id="oc-85">
         <name>.debug_abbrev</name>
         <load_address>0xf81</load_address>
         <run_address>0xf81</run_address>
         <size>0x6f</size>
         <input_file_ref idref="fl-e4"/>
      </object_component>
      <object_component id="oc-88">
         <name>.debug_abbrev</name>
         <load_address>0xff0</load_address>
         <run_address>0xff0</run_address>
         <size>0x24</size>
         <input_file_ref idref="fl-e4"/>
      </object_component>
      <object_component id="oc-bf">
         <name>.debug_abbrev</name>
         <load_address>0x1014</load_address>
         <run_address>0x1014</run_address>
         <size>0x24</size>
         <input_file_ref idref="fl-e4"/>
      </object_component>
      <object_component id="oc-83">
         <name>.debug_abbrev</name>
         <load_address>0x1038</load_address>
         <run_address>0x1038</run_address>
         <size>0x37</size>
         <input_file_ref idref="fl-e5"/>
      </object_component>
      <object_component id="oc-3d">
         <name>.debug_abbrev</name>
         <load_address>0x106f</load_address>
         <run_address>0x106f</run_address>
         <size>0x74</size>
         <input_file_ref idref="fl-e5"/>
      </object_component>
      <object_component id="oc-40">
         <name>.debug_abbrev</name>
         <load_address>0x10e3</load_address>
         <run_address>0x10e3</run_address>
         <size>0x24</size>
         <input_file_ref idref="fl-e5"/>
      </object_component>
      <object_component id="oc-80">
         <name>.debug_abbrev</name>
         <load_address>0x1107</load_address>
         <run_address>0x1107</run_address>
         <size>0x24</size>
         <input_file_ref idref="fl-e5"/>
      </object_component>
      <object_component id="oc-bb">
         <name>.debug_abbrev</name>
         <load_address>0x112b</load_address>
         <run_address>0x112b</run_address>
         <size>0x37</size>
         <input_file_ref idref="fl-e6"/>
      </object_component>
      <object_component id="oc-2d">
         <name>.debug_abbrev</name>
         <load_address>0x1162</load_address>
         <run_address>0x1162</run_address>
         <size>0x6f</size>
         <input_file_ref idref="fl-e6"/>
      </object_component>
      <object_component id="oc-30">
         <name>.debug_abbrev</name>
         <load_address>0x11d1</load_address>
         <run_address>0x11d1</run_address>
         <size>0x24</size>
         <input_file_ref idref="fl-e6"/>
      </object_component>
      <object_component id="oc-b8">
         <name>.debug_abbrev</name>
         <load_address>0x11f5</load_address>
         <run_address>0x11f5</run_address>
         <size>0x35</size>
         <input_file_ref idref="fl-e6"/>
      </object_component>
      <object_component id="oc-79">
         <name>.debug_abbrev</name>
         <load_address>0x122a</load_address>
         <run_address>0x122a</run_address>
         <size>0x24</size>
         <input_file_ref idref="fl-e6"/>
      </object_component>
      <object_component id="oc-68">
         <name>.debug_abbrev</name>
         <load_address>0x124e</load_address>
         <run_address>0x124e</run_address>
         <size>0x29</size>
         <input_file_ref idref="fl-e7"/>
      </object_component>
      <object_component id="oc-a1">
         <name>.debug_abbrev</name>
         <load_address>0x1277</load_address>
         <run_address>0x1277</run_address>
         <size>0x55</size>
         <input_file_ref idref="fl-e7"/>
      </object_component>
      <object_component id="oc-7d">
         <name>.debug_abbrev</name>
         <load_address>0x12cc</load_address>
         <run_address>0x12cc</run_address>
         <size>0x3e</size>
         <input_file_ref idref="fl-e8"/>
      </object_component>
      <object_component id="oc-1d4">
         <name>.debug_abbrev</name>
         <load_address>0x130a</load_address>
         <run_address>0x130a</run_address>
         <size>0xc0</size>
         <input_file_ref idref="fl-ea"/>
      </object_component>
      <object_component id="oc-180">
         <name>.debug_abbrev</name>
         <load_address>0x13ca</load_address>
         <run_address>0x13ca</run_address>
         <size>0x7e</size>
         <input_file_ref idref="fl-ea"/>
      </object_component>
      <object_component id="oc-1d8">
         <name>.debug_abbrev</name>
         <load_address>0x1448</load_address>
         <run_address>0x1448</run_address>
         <size>0x24</size>
         <input_file_ref idref="fl-ea"/>
      </object_component>
      <object_component id="oc-1fc">
         <name>.debug_abbrev</name>
         <load_address>0x146c</load_address>
         <run_address>0x146c</run_address>
         <size>0x24</size>
         <input_file_ref idref="fl-ea"/>
      </object_component>
      <object_component id="oc-1dd">
         <name>.debug_abbrev</name>
         <load_address>0x1490</load_address>
         <run_address>0x1490</run_address>
         <size>0x24</size>
         <input_file_ref idref="fl-ea"/>
      </object_component>
      <object_component id="oc-1e2">
         <name>.debug_abbrev</name>
         <load_address>0x14b4</load_address>
         <run_address>0x14b4</run_address>
         <size>0x4b</size>
         <input_file_ref idref="fl-ea"/>
      </object_component>
      <object_component id="oc-c5">
         <name>.debug_abbrev</name>
         <load_address>0x14ff</load_address>
         <run_address>0x14ff</run_address>
         <size>0x55</size>
         <input_file_ref idref="fl-eb"/>
      </object_component>
      <object_component id="oc-176">
         <name>.debug_abbrev</name>
         <load_address>0x1554</load_address>
         <run_address>0x1554</run_address>
         <size>0x45</size>
         <input_file_ref idref="fl-ed"/>
      </object_component>
      <object_component id="oc-234">
         <name>.debug_abbrev</name>
         <load_address>0x1599</load_address>
         <run_address>0x1599</run_address>
         <size>0xf</size>
      </object_component>
      <object_component id="oc-71">
         <name>.debug_str</name>
         <load_address>0x0</load_address>
         <run_address>0x0</run_address>
         <size>0x2bd</size>
         <input_file_ref idref="fl-2"/>
      </object_component>
      <object_component id="oc-13c">
         <name>.debug_str</name>
         <load_address>0x2bd</load_address>
         <run_address>0x2bd</run_address>
         <size>0x191</size>
         <input_file_ref idref="fl-2"/>
      </object_component>
      <object_component id="oc-141">
         <name>.debug_str</name>
         <load_address>0x44e</load_address>
         <run_address>0x44e</run_address>
         <size>0x113</size>
         <input_file_ref idref="fl-2"/>
      </object_component>
      <object_component id="oc-b3">
         <name>.debug_str</name>
         <load_address>0x561</load_address>
         <run_address>0x561</run_address>
         <size>0xfe</size>
         <input_file_ref idref="fl-2"/>
      </object_component>
      <object_component id="oc-ae">
         <name>.debug_str</name>
         <load_address>0x65f</load_address>
         <run_address>0x65f</run_address>
         <size>0x34c</size>
         <input_file_ref idref="fl-2"/>
      </object_component>
      <object_component id="oc-165">
         <name>.debug_str</name>
         <load_address>0x9ab</load_address>
         <run_address>0x9ab</run_address>
         <size>0x1c8</size>
         <input_file_ref idref="fl-2"/>
      </object_component>
      <object_component id="oc-76">
         <name>.debug_str</name>
         <load_address>0xb73</load_address>
         <run_address>0xb73</run_address>
         <size>0x155</size>
         <input_file_ref idref="fl-2"/>
      </object_component>
      <object_component id="oc-137">
         <name>.debug_str</name>
         <load_address>0xcc8</load_address>
         <run_address>0xcc8</run_address>
         <size>0x101</size>
         <input_file_ref idref="fl-2"/>
      </object_component>
      <object_component id="oc-37">
         <name>.debug_str</name>
         <load_address>0xdc9</load_address>
         <run_address>0xdc9</run_address>
         <size>0xfe</size>
         <input_file_ref idref="fl-3"/>
      </object_component>
      <object_component id="oc-1bd">
         <name>.debug_str</name>
         <load_address>0xec7</load_address>
         <run_address>0xec7</run_address>
         <size>0xd2</size>
         <input_file_ref idref="fl-1c"/>
      </object_component>
      <object_component id="oc-8a">
         <name>.debug_str</name>
         <load_address>0xf99</load_address>
         <run_address>0xf99</run_address>
         <size>0x109</size>
         <input_file_ref idref="fl-e4"/>
      </object_component>
[...]
         <object_component_ref idref="oc-e4"/>
      </symbol>
      <symbol id="sm-1ac">
         <name>GPIOPinTypeGPIOOutput</name>
         <value>0x1a29</value>
         <object_component_ref idref="oc-e4"/>
      </symbol>
      <symbol id="sm-1ad">
         <name>GPIOIntTypeGet</name>
         <value>0x1397</value>
         <object_component_ref idref="oc-e4"/>
      </symbol>
      <symbol id="sm-1ae">
         <name>GPIOPinRead</name>
         <value>0x18ad</value>
         <object_component_ref idref="oc-e4"/>
      </symbol>
      <symbol id="sm-1af">
         <name>GPIODirModeSet</name>
         <value>0x124b</value>
         <object_component_ref idref="oc-e4"/>
      </symbol>
      <symbol id="sm-1b0">
         <name>GPIOPinTypeQEI</name>
         <value>0x1b49</value>
         <object_component_ref idref="oc-e4"/>
      </symbol>
      <symbol id="sm-1b1">
         <name>GPIOPinTypeHibernateRTCCLK</name>
         <value>0x1a71</value>
         <object_component_ref idref="oc-e4"/>
      </symbol>
      <symbol id="sm-1b2">
         <name>GPIODMATriggerEnable</name>
         <value>0x1cff</value>
         <object_component_ref idref="oc-e4"/>
      </symbol>
      <symbol id="sm-1b3">
         <name>GPIOPinTypeEthernetMII</name>
         <value>0x19e1</value>
         <object_component_ref idref="oc-e4"/>
      </symbol>
      <symbol id="sm-1b4">
         <name>GPIOPinWrite</name>
         <value>0x18c5</value>
         <object_component_ref idref="oc-e4"/>
      </symbol>
      <symbol id="sm-1b5">
         <name>GPIOPadConfigSet</name>
         <value>0x142d</value>
         <object_component_ref idref="oc-e4"/>
      </symbol>
      <symbol id="sm-1b6">
         <name>GPIOPinTypeLCD</name>
         <value>0x1add</value>
         <object_component_ref idref="oc-e4"/>
      </symbol>
      <symbol id="sm-1b7">
         <name>GPIOPinTypeSSI</name>
         <value>0x1b6d</value>
         <object_component_ref idref="oc-e4"/>
      </symbol>
      <symbol id="sm-1b8">
         <name>GPIOPinTypeTimer</name>
         <value>0x1b91</value>
         <object_component_ref idref="oc-e4"/>
      </symbol>
      <symbol id="sm-1b9">
         <name>GPIOPinTypeCAN</name>
         <value>0x1909</value>
         <object_component_ref idref="oc-e4"/>
      </symbol>
      <symbol id="sm-1ba">
         <name>GPIOPinTypeEPI</name>
         <value>0x1999</value>
         <object_component_ref idref="oc-e4"/>
      </symbol>
      <symbol id="sm-1bb">
         <name>GPIOPinTypeEthernetLED</name>
         <value>0x19bd</value>
         <object_component_ref idref="oc-e4"/>
      </symbol>
      <symbol id="sm-1bc">
         <name>GPIOPinWakeStatus</name>
         <value>0x1c91</value>
         <object_component_ref idref="oc-e4"/>
      </symbol>
      <symbol id="sm-23b">
         <name>IntPendClear</name>
         <value>0x2499</value>
         <object_component_ref idref="oc-14a"/>
      </symbol>
      <symbol id="sm-23c">
         <name>IntPriorityGroupingGet</name>
         <value>0x2213</value>
         <object_component_ref idref="oc-14a"/>
      </symbol>
      <symbol id="sm-23d">
         <name>IntPrioritySet</name>
         <value>0x224b</value>
         <object_component_ref idref="oc-14a"/>
      </symbol>
      <symbol id="sm-23e">
         <name>IntIsEnabled</name>
         <value>0x23a3</value>
         <object_component_ref idref="oc-14a"/>
      </symbol>
      <symbol id="sm-23f">
         <name>IntEnable</name>
         <value>0x22bf</value>
         <object_component_ref idref="oc-14a"/>
      </symbol>
      <symbol id="sm-240">
         <name>IntTrigger</name>
         <value>0x24fb</value>
         <object_component_ref idref="oc-14a"/>
      </symbol>
      <symbol id="sm-241">
         <name>IntPriorityMaskSet</name>
         <value>0x24e7</value>
         <object_component_ref idref="oc-14a"/>
      </symbol>
      <symbol id="sm-242">
         <name>IntPriorityGroupingSet</name>
         <value>0x21f9</value>
         <object_component_ref idref="oc-14a"/>
      </symbol>
      <symbol id="sm-243">
         <name>IntDisable</name>
         <value>0x2331</value>
         <object_component_ref idref="oc-14a"/>
      </symbol>
      <symbol id="sm-244">
         <name>IntRegister</name>
         <value>0x2193</value>
         <object_component_ref idref="oc-14a"/>
      </symbol>
      <symbol id="sm-245">
         <name>IntPriorityGet</name>
         <value>0x229b</value>
         <object_component_ref idref="oc-14a"/>
      </symbol>
      <symbol id="sm-246">
         <name>IntMasterDisable</name>
         <value>0x2183</value>
         <object_component_ref idref="oc-14a"/>
      </symbol>
      <symbol id="sm-247">
         <name>IntUnregister</name>
         <value>0x21e5</value>
         <object_component_ref idref="oc-14a"/>
      </symbol>
      <symbol id="sm-248">
         <name>IntPriorityMaskGet</name>
         <value>0x24f3</value>
         <object_component_ref idref="oc-14a"/>
      </symbol>
      <symbol id="sm-249">
         <name>g_pfnRAMVectors</name>
         <value>0x20000000</value>
         <object_component_ref idref="oc-19a"/>
      </symbol>
      <symbol id="sm-24a">
         <name>IntMasterEnable</name>
         <value>0x2173</value>
         <object_component_ref idref="oc-14a"/>
      </symbol>
      <symbol id="sm-24b">
         <name>IntPendSet</name>
         <value>0x2429</value>
         <object_component_ref idref="oc-14a"/>
      </symbol>
      <symbol id="sm-394">
         <name>SysCtlGPIOAHBEnable</name>
         <value>0x1017</value>
         <object_component_ref idref="oc-de"/>
      </symbol>
      <symbol id="sm-395">
         <name>SysCtlIntRegister</name>
         <value>0x6f5</value>
         <object_component_ref idref="oc-de"/>
      </symbol>
      <symbol id="sm-396">
         <name>SysCtlFlashSizeGet</name>
         <value>0x337</value>
         <object_component_ref idref="oc-de"/>
      </symbol>
      <symbol id="sm-397">
         <name>SysCtlPeripheralDeepSleepEnable</name>
         <value>0x609</value>
         <object_component_ref idref="oc-de"/>
      </symbol>
      <symbol id="sm-398">
         <name>SysCtlLDODeepSleepGet</name>
         <value>0x79b</value>
         <object_component_ref idref="oc-de"/>
      </symbol>
      <symbol id="sm-399">
         <name>SysCtlFlashSectorSizeGet</name>
         <value>0x363</value>
         <object_component_ref idref="oc-de"/>
      </symbol>
      <symbol id="sm-39a">
         <name>SysCtlIntDisable</name>
         <value>0x731</value>
         <object_component_ref idref="oc-de"/>
      </symbol>
      <symbol id="sm-39b">
         <name>SysCtlResetBehaviorGet</name>
         <value>0x881</value>
         <object_component_ref idref="oc-de"/>
      </symbol>
      <symbol id="sm-39c">
         <name>SysCtlPeripheralPresent</name>
         <value>0x389</value>
         <object_component_ref idref="oc-de"/>
      </symbol>
      <symbol id="sm-39d">
         <name>SysCtlDeepSleepClockSet</name>
         <value>0xf3f</value>
         <object_component_ref idref="oc-de"/>
      </symbol>
      <symbol id="sm-39e">
         <name>SysCtlClockSet</name>
         <value>0xbc9</value>
         <object_component_ref idref="oc-de"/>
      </symbol>
      <symbol id="sm-39f">
         <name>SysCtlAltClkConfig</name>
         <value>0x11a9</value>
         <object_component_ref idref="oc-de"/>
      </symbol>
      <symbol id="sm-3a0">
         <name>SysCtlPeripheralClockGating</name>
         <value>0x6a1</value>
         <object_component_ref idref="oc-de"/>
      </symbol>
      <symbol id="sm-3a1">
         <name>SysCtlIntStatus</name>
         <value>0x759</value>
         <object_component_ref idref="oc-de"/>
      </symbol>
      <symbol id="sm-3a2">
         <name>SysCtlIntClear</name>
         <value>0x749</value>
         <object_component_ref idref="oc-de"/>
      </symbol>
      <symbol id="sm-3a3">
         <name>SysCtlVoltageEventStatus</name>
         <value>0x107d</value>
         <object_component_ref idref="oc-de"/>
      </symbol>
      <symbol id="sm-3a4">
         <name>SysCtlVoltageEventConfig</name>
         <value>0x106d</value>
         <object_component_ref idref="oc-de"/>
      </symbol>
      <symbol id="sm-3a5">
         <name>SysCtlResetCauseGet</name>
         <value>0x7f1</value>
         <object_component_ref idref="oc-de"/>
      </symbol>
      <symbol id="sm-3a6">
         <name>SysCtlSleep</name>
         <value>0x7cd</value>
         <object_component_ref idref="oc-de"/>
      </symbol>
      <symbol id="sm-3a7">
         <name>SysCtlPWMClockGet</name>
         <value>0x1001</value>
         <object_component_ref idref="oc-de"/>
      </symbol>
      <symbol id="sm-3a8">
         <name>SysCtlDeepSleepPowerSet</name>
         <value>0x7b5</value>
         <object_component_ref idref="oc-de"/>
      </symbol>
      <symbol id="sm-3a9">
         <name>SysCtlClockOutConfig</name>
         <value>0x118d</value>
         <object_component_ref idref="oc-de"/>
      </symbol>
      <symbol id="sm-3aa">
         <name>SysCtlNMIStatus</name>
         <value>0x115d</value>
         <object_component_ref idref="oc-de"/>
      </symbol>
      <symbol id="sm-3ab">
         <name>SysCtlDeepSleepClockConfigSet</name>
         <value>0xf5d</value>
         <object_component_ref idref="oc-de"/>
      </symbol>
      <symbol id="sm-3ac">
         <name>SysCtlDelay</name>
         <value>0x2b99</value>
         <object_component_ref idref="oc-15f"/>
      </symbol>
      <symbol id="sm-3ad">
         <name>SysCtlVoltageEventClear</name>
         <value>0x1089</value>
         <object_component_ref idref="oc-de"/>
      </symbol>
      <symbol id="sm-3ae">
         <name>SysCtlLDOSleepSet</name>
         <value>0x775</value>
         <object_component_ref idref="oc-de"/>
      </symbol>
      <symbol id="sm-3af">
         <name>SysCtlMOSCConfigSet</name>
         <value>0x80b</value>
         <object_component_ref idref="oc-de"/>
      </symbol>
      <symbol id="sm-3b0">
         <name>SysCtlPeripheralEnable</name>
         <value>0x509</value>
         <object_component_ref idref="oc-de"/>
      </symbol>
      <symbol id="sm-3b1">
         <name>SysCtlIntEnable</name>
         <value>0x71d</value>
         <object_component_ref idref="oc-de"/>
      </symbol>
      <symbol id="sm-3b2">
         <name>SysCtlNMIClear</name>
         <value>0x1171</value>
         <object_component_ref idref="oc-de"/>
      </symbol>
      <symbol id="sm-3b3">
         <name>SysCtlPeripheralPowerOff</name>
         <value>0x445</value>
         <object_component_ref idref="oc-de"/>
      </symbol>
      <symbol id="sm-3b4">
         <name>SysCtlSleepPowerSet</name>
         <value>0x7a1</value>
         <object_component_ref idref="oc-de"/>
      </symbol>
      <symbol id="sm-3b5">
         <name>SysCtlDeepSleep</name>
         <value>0x7d5</value>
         <object_component_ref idref="oc-de"/>
      </symbol>
      <symbol id="sm-3b6">
         <name>SysCtlLDODeepSleepSet</name>
         <value>0x78b</value>
         <object_component_ref idref="oc-de"/>
      </symbol>
      <symbol id="sm-3b7">
         <name>SysCtlPeripheralPowerOn</name>
         <value>0x409</value>
         <object_component_ref idref="oc-de"/>
      </symbol>
      <symbol id="sm-3b8">
         <name>SysCtlPeripheralDeepSleepDisable</name>
         <value>0x659</value>
         <object_component_ref idref="oc-de"/>
      </symbol>
      <symbol id="sm-3b9">
         <name>SysCtlPeripheralSleepDisable</name>
         <value>0x5cd</value>
         <object_component_ref idref="oc-de"/>
      </symbol>
      <symbol id="sm-3ba">
         <name>SysCtlVCOGet</name>
         <value>0x10a1</value>
         <object_component_ref idref="oc-de"/>
      </symbol>
      <symbol id="sm-3bb">
         <name>SysCtlResetBehaviorSet</name>
         <value>0x871</value>
         <object_component_ref idref="oc-de"/>
      </symbol>
      <symbol id="sm-3bc">
         <name>SysCtlReset</name>
         <value>0x7c5</value>
         <object_component_ref idref="oc-de"/>
      </symbol>
      <symbol id="sm-3bd">
         <name>SysCtlGPIOAHBDisable</name>
         <value>0x1033</value>
         <object_component_ref idref="oc-de"/>
      </symbol>
      <symbol id="sm-3be">
         <name>SysCtlSRAMSizeGet</name>
         <value>0x32d</value>
         <object_component_ref idref="oc-de"/>
      </symbol>
      <symbol id="sm-3bf">
         <name>SysCtlClockGet</name>
         <value>0xd99</value>
         <object_component_ref idref="oc-de"/>
      </symbol>
      <symbol id="sm-3c0">
         <name>SysCtlPeripheralDisable</name>
         <value>0x545</value>
         <object_component_ref idref="oc-de"/>
      </symbol>
      <symbol id="sm-3c1">
         <name>SysCtlPWMClockSet</name>
         <value>0xfe7</value>
         <object_component_ref idref="oc-de"/>
      </symbol>
      <symbol id="sm-3c2">
         <name>SysCtlUSBPLLEnable</name>
         <value>0x104f</value>
         <object_component_ref idref="oc-de"/>
      </symbol>
      <symbol id="sm-3c3">
         <name>SysCtlPeripheralSleepEnable</name>
         <value>0x589</value>
         <object_component_ref idref="oc-de"/>
      </symbol>
      <symbol id="sm-3c4">
         <name>SysCtlIntUnregister</name>
         <value>0x70d</value>
         <object_component_ref idref="oc-de"/>
      </symbol>
      <symbol id="sm-3c5">
         <name>SysCtlUSBPLLDisable</name>
         <value>0x105b</value>
         <object_component_ref idref="oc-de"/>
      </symbol>
      <symbol id="sm-3c6">
         <name>SysCtlPeripheralReady</name>
         <value>0x3c9</value>
         <object_component_ref idref="oc-de"/>
      </symbol>
      <symbol id="sm-3c7">
         <name>SysCtlPIOSCCalibrate</name>
         <value>0x821</value>
         <object_component_ref idref="oc-de"/>
      </symbol>
      <symbol id="sm-3c8">
         <name>SysCtlResetCauseClear</name>
         <value>0x7f7</value>
         <object_component_ref idref="oc-de"/>
      </symbol>
      <symbol id="sm-3c9">
         <name>SysCtlLDOSleepGet</name>
         <value>0x785</value>
         <object_component_ref idref="oc-de"/>
      </symbol>
      <symbol id="sm-3ca">
         <name>SysCtlClockFreqSet</name>
         <value>0x8d1</value>
         <object_component_ref idref="oc-de"/>
      </symbol>
      <symbol id="sm-3cb">
         <name>SysCtlPeripheralReset</name>
         <value>0x481</value>
         <object_component_ref idref="oc-de"/>
      </symbol>
      <symbol id="sm-428">
         <name>GPIO_PortF_Init</name>
         <value>0x1fb1</value>
         <object_component_ref idref="oc-cc"/>
      </symbol>
      <symbol id="sm-429">
         <name>GPIO_PortE_Init</name>
         <value>0x1e99</value>
         <object_component_ref idref="oc-cc"/>
      </symbol>
      <symbol id="sm-42a">
         <name>GPIO_PortA_Init</name>
         <value>0x1d81</value>
         <object_component_ref idref="oc-cc"/>
      </symbol>
      <symbol id="sm-42b">
         <name>GPIO_PortA_EnableDO</name>
         <value>0x1d95</value>
         <object_component_ref idref="oc-cc"/>
      </symbol>
      <symbol id="sm-42c">
         <name>GPIO_PortE_EnableDO</name>
         <value>0x1ead</value>
         <object_component_ref idref="oc-cc"/>
      </symbol>
      <symbol id="sm-42d">
         <name>GPIO_PortE_EnableDI</name>
         <value>0x1f29</value>
         <object_component_ref idref="oc-cc"/>
      </symbol>
      <symbol id="sm-42e">
         <name>GPIO_PortA_EnableDI</name>
         <value>0x1e11</value>
         <object_component_ref idref="oc-cc"/>
      </symbol>
      <symbol id="sm-42f">
         <name>GPIO_PortF_EnableDO</name>
         <value>0x1fc5</value>
         <object_component_ref idref="oc-cc"/>
      </symbol>
      <symbol id="sm-430">
         <name>GPIO_PortF_EnableDI</name>
         <value>0x2055</value>
         <object_component_ref idref="oc-cc"/>
      </symbol>
      <symbol id="sm-43f">
         <name>PLL_Init80MHz</name>
         <value>0x2965</value>
         <object_component_ref idref="oc-c6"/>
      </symbol>
      <symbol id="sm-453">
         <name>SysTick_Wait</name>
         <value>0x29f5</value>
         <object_component_ref idref="oc-d8"/>
      </symbol>
      <symbol id="sm-454">
         <name>SysTick_Wait10ms</name>
         <value>0x2a15</value>
         <object_component_ref idref="oc-d8"/>
      </symbol>
      <symbol id="sm-455">
         <name>SysTick_Init</name>
         <value>0x29d9</value>
         <object_component_ref idref="oc-d8"/>
      </symbol>
      <symbol id="sm-479">
         <name>UART_UART5_ReadChar</name>
         <value>0x2851</value>
         <object_component_ref idref="oc-d2"/>
      </symbol>
      <symbol id="sm-47a">
         <name>UART_OutUDec</name>
         <value>0x2861</value>
         <object_component_ref idref="oc-d2"/>
      </symbol>
      <symbol id="sm-47b">
         <name>UART_UART5_WriteChar</name>
         <value>0x2817</value>
         <object_component_ref idref="oc-d2"/>
      </symbol>
      <symbol id="sm-47c">
         <name>UART_UART5_Init</name>
         <value>0x27b1</value>
         <object_component_ref idref="oc-d2"/>
      </symbol>
      <symbol id="sm-47d">
         <name>UART_UART5_WriteString</name>
         <value>0x2833</value>
         <object_component_ref idref="oc-d2"/>
      </symbol>
      <symbol id="sm-496">
         <name>__TI_zero_init_nomemset</name>
         <value>0x2b6d</value>
         <object_component_ref idref="oc-44"/>
      </symbol>
      <symbol id="sm-4ad">
         <name>__TI_decompress_none</name>
         <value>0x2b7f</value>
         <object_component_ref idref="oc-18"/>
      </symbol>
      <symbol id="sm-4d0">
         <name>__TI_decompress_lzss</name>
         <value>0x2a4d</value>
         <object_component_ref idref="oc-12"/>
      </symbol>
      <symbol id="sm-4e3">
         <name>__stack</name>
         <value>0x20000270</value>
         <object_component_ref idref="oc-21"/>
      </symbol>
      <symbol id="sm-4e4">
         <name>_c_int00_noargs</name>
         <value>0x2b39</value>
         <object_component_ref idref="oc-56"/>
      </symbol>
      <symbol id="sm-4ff">
         <name>memcpy</name>
         <value>0x28c9</value>
         <object_component_ref idref="oc-38"/>
      </symbol>
      <symbol id="sm-500">
         <name>__aeabi_memcpy</name>
         <value>0x28c9</value>
         <object_component_ref idref="oc-38"/>
      </symbol>
      <symbol id="sm-501">
         <name>__aeabi_memcpy8</name>
         <value>0x28c9</value>
         <object_component_ref idref="oc-38"/>
      </symbol>
      <symbol id="sm-502">
         <name>__aeabi_memcpy4</name>
         <value>0x28c9</value>
         <object_component_ref idref="oc-38"/>
      </symbol>
      <symbol id="sm-52b">
         <name>__TI_auto_init_nobinit_nopinit</name>
         <value>0x2ab5</value>
         <object_component_ref idref="oc-ff"/>
      </symbol>
      <symbol id="sm-535">
         <name>_system_pre_init</name>
         <value>0x2b9f</value>
         <object_component_ref idref="oc-92"/>
      </symbol>
      <symbol id="sm-541">
         <name>C$$EXIT</name>
         <value>0x2ba3</value>
         <object_component_ref idref="oc-f3"/>
      </symbol>
      <symbol id="sm-542">
         <name>abort</name>
         <value>0x2ba3</value>
         <object_component_ref idref="oc-f3"/>
      </symbol>
      <symbol id="sm-545">
         <name>__TI_static_base__</name>
         <value>0x0</value>
      </symbol>
      <symbol id="sm-548">
         <name>__mpu_init</name>
         <value>0x0</value>
      </symbol>
      <symbol id="sm-549">
         <name>_system_post_cinit</name>
         <value>0x0</value>
      </symbol>
   </symbol_table>
   <title>Link successful</title>
</link_info>
