******************************************************************************
                  TI ARM Linker PC v18.12.1                    
******************************************************************************
>> Linked Thu May  2 06:58:10 2019

OUTPUT FILE NAME:   <TM4C_Code.out>
ENTRY POINT SYMBOL: "_c_int00_noargs"  address: 00002b39


MEMORY CONFIGURATION

         name            origin    length      used     unused   attr    fill
----------------------  --------  ---------  --------  --------  ----  --------
  FLASH                 00000000   00040000  00003172  0003ce8e  R  X
  SRAM                  20000000   00008000  00000479  00007b87  RW X


SEGMENT ALLOCATION MAP

run origin  load origin   length   init length attrs members
----------  ----------- ---------- ----------- ----- -------
00000000    00000000    00003178   00003178    r-x
  00000000    00000000    0000026c   0000026c    r-- .intvecs
  0000026c    0000026c    0000293a   0000293a    r-x .text
  00002ba8    00002ba8    0000058c   0000058c    r-- .const
  00003138    00003138    00000040   00000040    r-- .cinit
20000000    20000000    0000047d   00000000    rw-
  20000000    20000000    0000026c   00000000    rw- .vtable
  20000270    20000270    00000200   00000000    rw- .stack
  20000470    20000470    00000008   00000000    rw- .data
  20000478    20000478    00000005   00000000    rw- .bss


SECTION ALLOCATION MAP

 output                                  attributes/
section   page    origin      length       input sections
--------  ----  ----------  ----------   ----------------
.intvecs   0    00000000    0000026c     
                  00000000    0000026c     tm4c123gh6pm_startup_ccs.obj (.intvecs)

.text      0    0000026c    0000293a     
                  0000026c    00000f80     sysctl.obj (.text)
                  000011ec    00000b94     gpio.obj (.text)
                  00001d80    000003f0     GPIO_Util.obj (.text)
                  00002170    000003c0     interrupt.obj (.text)
                  00002530    00000280     project.obj (.text)
                  000027b0    00000118     UART_Util.obj (.text)
                  000028c8    0000009c     rtsv7M4_T_le_v4SPD16_eabi.lib : memcpy_t2.asm.obj (.text)
                  00002964    00000074     PLL_Util.obj (.text)
                  000029d8    00000074     SysTick_Util.obj (.text)
                  00002a4c    00000068     rtsv7M4_T_le_v4SPD16_eabi.lib : copy_decompress_lzss.c.obj (.text:decompress:lzss:__TI_decompress_lzss)
                  00002ab4    00000044                                   : autoinit.c.obj (.text:__TI_auto_init_nobinit_nopinit:__TI_auto_init_nobinit_nopinit)
                  00002af8    0000003e     cpu.obj (.text)
                  00002b36    00000002     --HOLE-- [fill = 0]
                  00002b38    00000034     rtsv7M4_T_le_v4SPD16_eabi.lib : boot_cortex_m.c.obj (.text:_c_int00_noargs:_c_int00_noargs)
                  00002b6c    00000012                                   : copy_zero_init.c.obj (.text:decompress:ZI:__TI_zero_init_nomemset:__TI_zero_init_nomemset)
                  00002b7e    0000000e                                   : copy_decompress_none.c.obj (.text:decompress:none:__TI_decompress_none)
                  00002b8c    0000000c     tm4c123gh6pm_startup_ccs.obj (.text)
                  00002b98    00000006     sysctl.obj (.text:SysCtlDelay)
                  00002b9e    00000004     rtsv7M4_T_le_v4SPD16_eabi.lib : pre_init.c.obj (.text:_system_pre_init)
                  00002ba2    00000004                                   : exit.c.obj (.text:abort:abort)

.const     0    00002ba8    0000058c     
                  00002ba8    000001b0     sysctl.obj (.const:g_pppui32XTALtoVCO)
                  00002d58    000000d8     gpio.obj (.const:g_ppui32GPIOIntMapSnowflake)
                  00002e30    000000c0     gpio.obj (.const:g_ppui32GPIOIntMapBlizzard)
                  00002ef0    0000009c     interrupt.obj (.const:g_pui32Regs)
                  00002f8c    00000090     gpio.obj (.const:g_pui32GPIOBaseAddrs)
                  0000301c    0000006c     sysctl.obj (.const:g_pui32Xtals)
                  00003088    00000030     sysctl.obj (.const:g_sXTALtoMEMTIM)
                  000030b8    00000020     interrupt.obj (.const:g_pui32Priority)
                  000030d8    00000014     interrupt.obj (.const:g_pui32Dii16Regs)
                  000030ec    00000014     interrupt.obj (.const:g_pui32EnRegs)
                  00003100    00000014     interrupt.obj (.const:g_pui32PendRegs)
                  00003114    00000014     interrupt.obj (.const:g_pui32UnpendRegs)
                  00003128    00000008     sysctl.obj (.const:g_pui32VCOFrequencies)
                  00003130    00000004     project.obj (.const)

.cinit     0    00003138    00000040     
                  00003138    0000000c     (__TI_handler_table)
                  00003144    00000004     --HOLE-- [fill = 0]
                  00003148    00000008     (.cinit..bss.load) [load image, compression = zero_init]
                  00003150    00000008     (.cinit..vtable.load) [load image, compression = zero_init]
                  00003158    00000007     (.cinit..data.load) [load image, compression = lzss]
                  0000315f    00000001     --HOLE-- [fill = 0]
                  00003160    00000018     (__TI_cinit_table)

.init_array 
*          0    00000000    00000000     UNINITIALIZED

.vtable    0    20000000    0000026c     UNINITIALIZED
                  20000000    0000026c     interrupt.obj (.vtable)

.data      0    20000470    00000008     UNINITIALIZED
                  20000470    00000008     project.obj (.data)

.bss       0    20000478    00000005     UNINITIALIZED
                  20000478    00000004     (.common:voltage)
                  2000047c    00000001     (.common:onesPlace)

.stack     0    20000270    00000200     UNINITIALIZED
                  20000270    00000004     rtsv7M4_T_le_v4SPD16_eabi.lib : boot_cortex_m.c.obj (.stack)
                  20000274    000001fc     --HOLE--

MODULE SUMMARY

       Module                         code    ro data   rw data
       ------                         ----    -------   -------
    .\
       project.obj                    640     4         13     
       tm4c123gh6pm_startup_ccs.obj   12      620       0      
    +--+------------------------------+-------+---------+---------+
       Total:                         652     624       13     
                                                               
    .\driverlib\
       sysctl.obj                     3974    596       0      
       gpio.obj                       2964    552       0      
       interrupt.obj                  960     268       620    
       cpu.obj                        62      0         0      
    +--+------------------------------+-------+---------+---------+
       Total:                         7960    1416      620    
                                                               
    .\src\
       GPIO_Util.obj                  1008    0         0      
       UART_Util.obj                  280     0         0      
       PLL_Util.obj                   116     0         0      
       SysTick_Util.obj               116     0         0      
    +--+------------------------------+-------+---------+---------+
       Total:                         1520    0         0      
                                                               
    C:\ti\ccs900\ccs\tools\compiler\ti-cgt-arm_18.12.1.LTS\lib\rtsv7M4_T_le_v4SPD16_eabi.lib
       memcpy_t2.asm.obj              156     0         0      
       copy_decompress_lzss.c.obj     104     0         0      
       autoinit.c.obj                 68      0         0      
       boot_cortex_m.c.obj            52      0         0      
       copy_zero_init.c.obj           18      0         0      
       copy_decompress_none.c.obj     14      0         0      
       exit.c.obj                     4       0         0      
       pre_init.c.obj                 4       0         0      
    +--+------------------------------+-------+---------+---------+
       Total:                         420     0         0      
                                                               
       Stack:                         0       0         512    
       Linker Generated:              0       59        0      
    +--+------------------------------+-------+---------+---------+
       Grand Total:                   10552   2099      1145   


LINKER GENERATED COPY TABLES

__TI_cinit_table @ 00003160 records: 3, size/record: 8, table size: 24
	.bss: load addr=00003148, load size=00000008 bytes, run addr=20000478, run size=00000005 bytes, compression=zero_init
	.vtable: load addr=00003150, load size=00000008 bytes, run addr=20000000, run size=0000026c bytes, compression=zero_init
	.data: load addr=00003158, load size=00000007 bytes, run addr=20000470, run size=00000008 bytes, compression=lzss


LINKER GENERATED HANDLER TABLE

__TI_handler_table @ 00003138 records: 3, size/record: 4, table size: 12
	index: 0, handler: __TI_zero_init
	index: 1, handler: __TI_decompress_lzss
	index: 2, handler: __TI_decompress_none


GLOBAL SYMBOLS: SORTED ALPHABETICALLY BY Name 

address   name                            
-------   ----                            
00002ba3  C$$EXIT                         
00002b2d  CPUbasepriGet                   
00002b1f  CPUbasepriSet                   
00002af9  CPUcpsid                        
00002b0f  CPUcpsie                        
00002b05  CPUprimask                      
00002b1b  CPUwfi                          
00001d59  GPIOADCTriggerDisable           
00001d3b  GPIOADCTriggerEnable            
00001d1d  GPIODMATriggerDisable           
00001cff  GPIODMATriggerEnable            
000012a7  GPIODirModeGet                  
0000124b  GPIODirModeSet                  
0000180f  GPIOIntClear                    
000017d3  GPIOIntDisable                  
000017b9  GPIOIntEnable                   
00001823  GPIOIntRegister                 
0000185b  GPIOIntRegisterPin              
000017ed  GPIOIntStatus                   
00001397  GPIOIntTypeGet                  
000012f3  GPIOIntTypeSet                  
00001841  GPIOIntUnregister               
00001889  GPIOIntUnregisterPin            
00001667  GPIOPadConfigGet                
0000142d  GPIOPadConfigSet                
00001ca1  GPIOPinConfigure                
000018ad  GPIOPinRead                     
000018e5  GPIOPinTypeADC                  
00001909  GPIOPinTypeCAN                  
0000192d  GPIOPinTypeComparator           
00001951  GPIOPinTypeComparatorOutput     
00001975  GPIOPinTypeDIVSCLK              
00001999  GPIOPinTypeEPI                  
000019bd  GPIOPinTypeEthernetLED          
000019e1  GPIOPinTypeEthernetMII          
00001a05  GPIOPinTypeGPIOInput            
00001a29  GPIOPinTypeGPIOOutput           
00001a4d  GPIOPinTypeGPIOOutputOD         
00001a71  GPIOPinTypeHibernateRTCCLK      
00001a95  GPIOPinTypeI2C                  
00001ab9  GPIOPinTypeI2CSCL               
00001add  GPIOPinTypeLCD                  
00001b01  GPIOPinTypeOneWire              
00001b25  GPIOPinTypePWM                  
00001b49  GPIOPinTypeQEI                  
00001b6d  GPIOPinTypeSSI                  
00001b91  GPIOPinTypeTimer                
00001bb5  GPIOPinTypeTrace                
00001bd9  GPIOPinTypeUART                 
00001bfd  GPIOPinTypeUSBAnalog            
00001c21  GPIOPinTypeUSBDigital           
00001c45  GPIOPinTypeWakeHigh             
00001c6b  GPIOPinTypeWakeLow              
00001c91  GPIOPinWakeStatus               
000018c5  GPIOPinWrite                    
00001e11  GPIO_PortA_EnableDI             
00001d95  GPIO_PortA_EnableDO             
00001d81  GPIO_PortA_Init                 
00001f29  GPIO_PortE_EnableDI             
00001ead  GPIO_PortE_EnableDO             
00001e99  GPIO_PortE_Init                 
00002055  GPIO_PortF_EnableDI             
00001fc5  GPIO_PortF_EnableDO             
00001fb1  GPIO_PortF_Init                 
00002331  IntDisable                      
000022bf  IntEnable                       
000023a3  IntIsEnabled                    
00002183  IntMasterDisable                
00002173  IntMasterEnable                 
00002499  IntPendClear                    
00002429  IntPendSet                      
0000229b  IntPriorityGet                  
00002213  IntPriorityGroupingGet          
000021f9  IntPriorityGroupingSet          
000024f3  IntPriorityMaskGet              
000024e7  IntPriorityMaskSet              
0000224b  IntPrioritySet                  
00002193  IntRegister                     
000024fb  IntTrigger                      
000021e5  IntUnregister                   
00002965  PLL_Init80MHz                   
00002b8d  ResetISR                        
000011a9  SysCtlAltClkConfig              
000008d1  SysCtlClockFreqSet              
00000d99  SysCtlClockGet                  
0000118d  SysCtlClockOutConfig            
00000bc9  SysCtlClockSet                  
000007d5  SysCtlDeepSleep                 
00000f5d  SysCtlDeepSleepClockConfigSet   
00000f3f  SysCtlDeepSleepClockSet         
000007b5  SysCtlDeepSleepPowerSet         
00002b99  SysCtlDelay                     
00000363  SysCtlFlashSectorSizeGet        
00000337  SysCtlFlashSizeGet              
00001033  SysCtlGPIOAHBDisable            
00001017  SysCtlGPIOAHBEnable             
00000749  SysCtlIntClear                  
00000731  SysCtlIntDisable                
0000071d  SysCtlIntEnable                 
000006f5  SysCtlIntRegister               
00000759  SysCtlIntStatus                 
0000070d  SysCtlIntUnregister             
0000079b  SysCtlLDODeepSleepGet           
0000078b  SysCtlLDODeepSleepSet           
00000785  SysCtlLDOSleepGet               
00000775  SysCtlLDOSleepSet               
0000080b  SysCtlMOSCConfigSet             
00001171  SysCtlNMIClear                  
0000115d  SysCtlNMIStatus                 
00000821  SysCtlPIOSCCalibrate            
00001001  SysCtlPWMClockGet               
00000fe7  SysCtlPWMClockSet               
000006a1  SysCtlPeripheralClockGating     
00000659  SysCtlPeripheralDeepSleepDisable
00000609  SysCtlPeripheralDeepSleepEnable 
00000545  SysCtlPeripheralDisable         
00000509  SysCtlPeripheralEnable          
00000445  SysCtlPeripheralPowerOff        
00000409  SysCtlPeripheralPowerOn         
00000389  SysCtlPeripheralPresent         
000003c9  SysCtlPeripheralReady           
00000481  SysCtlPeripheralReset           
000005cd  SysCtlPeripheralSleepDisable    
00000589  SysCtlPeripheralSleepEnable     
000007c5  SysCtlReset                     
00000881  SysCtlResetBehaviorGet          
00000871  SysCtlResetBehaviorSet          
000007f7  SysCtlResetCauseClear           
000007f1  SysCtlResetCauseGet             
0000032d  SysCtlSRAMSizeGet               
000007cd  SysCtlSleep                     
000007a1  SysCtlSleepPowerSet             
0000105b  SysCtlUSBPLLDisable             
0000104f  SysCtlUSBPLLEnable              
000010a1  SysCtlVCOGet                    
00001089  SysCtlVoltageEventClear         
0000106d  SysCtlVoltageEventConfig        
0000107d  SysCtlVoltageEventStatus        
000029d9  SysTick_Init                    
000029f5  SysTick_Wait                    
00002a15  SysTick_Wait10ms                
00002861  UART_OutUDec                    
000027b1  UART_UART5_Init                 
00002851  UART_UART5_ReadChar             
00002817  UART_UART5_WriteChar            
00002833  UART_UART5_WriteString          
20000470  __STACK_END                     
00000200  __STACK_SIZE                    
20000470  __STACK_TOP                     
00003160  __TI_CINIT_Base                 
00003178  __TI_CINIT_Limit                
00003138  __TI_Handler_Table_Base         
00003144  __TI_Handler_Table_Limit        
00002ab5  __TI_auto_init_nobinit_nopinit  
00002a4d  __TI_decompress_lzss            
00002b7f  __TI_decompress_none            
ffffffff  __TI_pprof_out_hndl             
ffffffff  __TI_prof_data_size             
ffffffff  __TI_prof_data_start            
00000000  __TI_static_base__              
00002b6d  __TI_zero_init_nomemset         
000028c9  __aeabi_memcpy                  
000028c9  __aeabi_memcpy4                 
000028c9  __aeabi_memcpy8                 
ffffffff  __binit__                       
ffffffff  __c_args__                      
UNDEFED   __mpu_init                      
20000270  __stack                         
00002b39  _c_int00_noargs                 
UNDEFED   _system_post_cinit              
00002b9f  _system_pre_init                
00002ba3  abort                           
ffffffff  binit                           
20000000  g_pfnRAMVectors                 
00000000  g_pfnVectors                    
00002591  init_adc                        
00002555  init_button                     
00002531  init_uart                       
20000475  input                           
20000476  isSW1Down                       
20000477  isSW2Down                       
000025f3  main                            
000028c9  memcpy                          
2000047c  onesPlace                       
00003130  resolution                      
20000470  result                          
20000474  tenthsPlace                     
20000478  voltage                         


GLOBAL SYMBOLS: SORTED BY Symbol Address 

address   name                            
-------   ----                            
00000000  __TI_static_base__              
00000000  g_pfnVectors                    
00000200  __STACK_SIZE                    
0000032d  SysCtlSRAMSizeGet               
00000337  SysCtlFlashSizeGet              
00000363  SysCtlFlashSectorSizeGet        
00000389  SysCtlPeripheralPresent         
000003c9  SysCtlPeripheralReady           
00000409  SysCtlPeripheralPowerOn         
00000445  SysCtlPeripheralPowerOff        
00000481  SysCtlPeripheralReset           
00000509  SysCtlPeripheralEnable          
00000545  SysCtlPeripheralDisable         
00000589  SysCtlPeripheralSleepEnable     
000005cd  SysCtlPeripheralSleepDisable    
00000609  SysCtlPeripheralDeepSleepEnable 
00000659  SysCtlPeripheralDeepSleepDisable
000006a1  SysCtlPeripheralClockGating     
000006f5  SysCtlIntRegister               
0000070d  SysCtlIntUnregister             
0000071d  SysCtlIntEnable                 
00000731  SysCtlIntDisable                
00000749  SysCtlIntClear                  
00000759  SysCtlIntStatus                 
00000775  SysCtlLDOSleepSet               
00000785  SysCtlLDOSleepGet               
0000078b  SysCtlLDODeepSleepSet           
0000079b  SysCtlLDODeepSleepGet           
000007a1  SysCtlSleepPowerSet             
000007b5  SysCtlDeepSleepPowerSet         
000007c5  SysCtlReset                     
000007cd  SysCtlSleep                     
000007d5  SysCtlDeepSleep                 
000007f1  SysCtlResetCauseGet             
000007f7  SysCtlResetCauseClear           
0000080b  SysCtlMOSCConfigSet             
00000821  SysCtlPIOSCCalibrate            
00000871  SysCtlResetBehaviorSet          
00000881  SysCtlResetBehaviorGet          
000008d1  SysCtlClockFreqSet              
00000bc9  SysCtlClockSet                  
00000d99  SysCtlClockGet                  
00000f3f  SysCtlDeepSleepClockSet         
00000f5d  SysCtlDeepSleepClockConfigSet   
00000fe7  SysCtlPWMClockSet               
00001001  SysCtlPWMClockGet               
00001017  SysCtlGPIOAHBEnable             
00001033  SysCtlGPIOAHBDisable            
0000104f  SysCtlUSBPLLEnable              
0000105b  SysCtlUSBPLLDisable             
0000106d  SysCtlVoltageEventConfig        
0000107d  SysCtlVoltageEventStatus        
00001089  SysCtlVoltageEventClear         
000010a1  SysCtlVCOGet                    
0000115d  SysCtlNMIStatus                 
00001171  SysCtlNMIClear                  
0000118d  SysCtlClockOutConfig            
000011a9  SysCtlAltClkConfig              
0000124b  GPIODirModeSet                  
000012a7  GPIODirModeGet                  
000012f3  GPIOIntTypeSet                  
00001397  GPIOIntTypeGet                  
0000142d  GPIOPadConfigSet                
00001667  GPIOPadConfigGet                
000017b9  GPIOIntEnable                   
000017d3  GPIOIntDisable                  
000017ed  GPIOIntStatus                   
0000180f  GPIOIntClear                    
00001823  GPIOIntRegister                 
00001841  GPIOIntUnregister               
0000185b  GPIOIntRegisterPin              
00001889  GPIOIntUnregisterPin            
000018ad  GPIOPinRead                     
000018c5  GPIOPinWrite                    
000018e5  GPIOPinTypeADC                  
00001909  GPIOPinTypeCAN                  
0000192d  GPIOPinTypeComparator           
00001951  GPIOPinTypeComparatorOutput     
00001975  GPIOPinTypeDIVSCLK              
00001999  GPIOPinTypeEPI                  
000019bd  GPIOPinTypeEthernetLED          
000019e1  GPIOPinTypeEthernetMII          
00001a05  GPIOPinTypeGPIOInput            
00001a29  GPIOPinTypeGPIOOutput           
00001a4d  GPIOPinTypeGPIOOutputOD         
00001a71  GPIOPinTypeHibernateRTCCLK      
00001a95  GPIOPinTypeI2C                  
00001ab9  GPIOPinTypeI2CSCL               
00001add  GPIOPinTypeLCD                  
00001b01  GPIOPinTypeOneWire              
00001b25  GPIOPinTypePWM                  
00001b49  GPIOPinTypeQEI                  
00001b6d  GPIOPinTypeSSI                  
00001b91  GPIOPinTypeTimer                
00001bb5  GPIOPinTypeTrace                
00001bd9  GPIOPinTypeUART                 
00001bfd  GPIOPinTypeUSBAnalog            
00001c21  GPIOPinTypeUSBDigital           
00001c45  GPIOPinTypeWakeHigh             
00001c6b  GPIOPinTypeWakeLow              
00001c91  GPIOPinWakeStatus               
00001ca1  GPIOPinConfigure                
00001cff  GPIODMATriggerEnable            
00001d1d  GPIODMATriggerDisable           
00001d3b  GPIOADCTriggerEnable            
00001d59  GPIOADCTriggerDisable           
00001d81  GPIO_PortA_Init                 
00001d95  GPIO_PortA_EnableDO             
00001e11  GPIO_PortA_EnableDI             
00001e99  GPIO_PortE_Init                 
00001ead  GPIO_PortE_EnableDO             
00001f29  GPIO_PortE_EnableDI             
00001fb1  GPIO_PortF_Init                 
00001fc5  GPIO_PortF_EnableDO             
00002055  GPIO_PortF_EnableDI             
00002173  IntMasterEnable                 
00002183  IntMasterDisable                
00002193  IntRegister                     
000021e5  IntUnregister                   
000021f9  IntPriorityGroupingSet          
00002213  IntPriorityGroupingGet          
0000224b  IntPrioritySet                  
0000229b  IntPriorityGet                  
000022bf  IntEnable                       
00002331  IntDisable                      
000023a3  IntIsEnabled                    
00002429  IntPendSet                      
00002499  IntPendClear                    
000024e7  IntPriorityMaskSet              
000024f3  IntPriorityMaskGet              
000024fb  IntTrigger                      
00002531  init_uart                       
00002555  init_button                     
00002591  init_adc                        
000025f3  main                            
000027b1  UART_UART5_Init                 
00002817  UART_UART5_WriteChar            
00002833  UART_UART5_WriteString          
00002851  UART_UART5_ReadChar             
00002861  UART_OutUDec                    
000028c9  __aeabi_memcpy                  
000028c9  __aeabi_memcpy4                 
000028c9  __aeabi_memcpy8                 
000028c9  memcpy                          
00002965  PLL_Init80MHz                   
000029d9  SysTick_Init                    
000029f5  SysTick_Wait                    
00002a15  SysTick_Wait10ms                
00002a4d  __TI_decompress_lzss            
00002ab5  __TI_auto_init_nobinit_nopinit  
00002af9  CPUcpsid                        
00002b05  CPUprimask                      
00002b0f  CPUcpsie                        
00002b1b  CPUwfi                          
00002b1f  CPUbasepriSet                   
00002b2d  CPUbasepriGet                   
00002b39  _c_int00_noargs                 
00002b6d  __TI_zero_init_nomemset         
00002b7f  __TI_decompress_none            
00002b8d  ResetISR                        
00002b99  SysCtlDelay                     
00002b9f  _system_pre_init                
00002ba3  C$$EXIT                         
00002ba3  abort                           
00003130  resolution                      
00003138  __TI_Handler_Table_Base         
00003144  __TI_Handler_Table_Limit        
00003160  __TI_CINIT_Base                 
00003178  __TI_CINIT_Limit                
20000000  g_pfnRAMVectors                 
20000270  __stack                         
20000470  __STACK_END                     
20000470  __STACK_TOP                     
20000470  result                          
20000474  tenthsPlace                     
20000475  input                           
20000476  isSW1Down                       
20000477  isSW2Down                       
20000478  voltage                         
2000047c  onesPlace                       
ffffffff  __TI_pprof_out_hndl             
ffffffff  __TI_prof_data_size             
ffffffff  __TI_prof_data_start            
ffffffff  __binit__                       
ffffffff  __c_args__                      
ffffffff  binit                           
UNDEFED   __mpu_init                      
UNDEFED   _system_post_cinit              

[188 symbols]
